[{"stream_name":"stderr","time":6.350380446,"data":"/usr/local/lib/python3.12/dist-packages/nbformat/__init__.py:96: MissingIDFieldWarning: Cell is missing an id field, this will become a hard error in future nbformat versions. You may want to use `normalize()` on your notebooks before validations (available since nbformat 5.1.4). Previous versions of nbformat are fixing this issue transparently, and will stop doing so in the future.\n"}
,{"stream_name":"stderr","time":6.350475176,"data":"  validate(nb)\n"}
,{"stream_name":"stderr","time":7.230383409,"data":"0.00s - Debugger warning: It seems that frozen modules are being used, which may\n"}
,{"stream_name":"stderr","time":7.23042751,"data":"0.00s - make the debugger miss breakpoints. Please pass -Xfrozen_modules=off\n"}
,{"stream_name":"stderr","time":7.230433539,"data":"0.00s - to python to disable frozen modules.\n"}
,{"stream_name":"stderr","time":7.230438001,"data":"0.00s - Note: Debugging will proceed. Set PYDEVD_DISABLE_FILE_VALIDATION=1 to disable this validation.\n"}
,{"stream_name":"stderr","time":7.838137888,"data":"0.00s - Debugger warning: It seems that frozen modules are being used, which may\n"}
,{"stream_name":"stderr","time":7.838177388,"data":"0.00s - make the debugger miss breakpoints. Please pass -Xfrozen_modules=off\n"}
,{"stream_name":"stderr","time":7.8381826100000005,"data":"0.00s - to python to disable frozen modules.\n"}
,{"stream_name":"stderr","time":7.838186225,"data":"0.00s - Note: Debugging will proceed. Set PYDEVD_DISABLE_FILE_VALIDATION=1 to disable this validation.\n"}
,{"stream_name":"stdout","time":8.931726869,"data":"BIOHUB_PRESET: harmonic_v3_division_wide\n"}
,{"stream_name":"stdout","time":8.931768654,"data":"BIOHUB_SCORE_AXIS: public 0.939 base + holdout-selected post-process configuration\n"}
,{"stream_name":"stdout","time":8.948265278000001,"data":"Configuration guard: PASS\n"}
,{"stream_name":"stdout","time":8.948285822999999,"data":"Baseline: fixed-90 dual-seed clean pipeline (public LB 0.913)\n"}
,{"stream_name":"stdout","time":8.948290268000001,"data":"Single model-level change: harmonic mutual-support association fusion\n"}
,{"stream_name":"stdout","time":8.948295532,"data":"Reverse-time association weight: 0.200\n"}
,{"stream_name":"stdout","time":9.829011006,"data":"Biohub learned UNet + node-transformer + ILP submission\n"}
,{"stream_name":"stdout","time":9.829041793,"data":"COMP_DIR: /kaggle/input/competitions/biohub-cell-tracking-during-development exists: True\n"}
,{"stream_name":"stdout","time":9.829047546,"data":"TEST_DIR: /kaggle/input/competitions/biohub-cell-tracking-during-development/test exists: True\n"}
,{"stream_name":"stdout","time":9.829052178,"data":"{\n"}
,{"stream_name":"stdout","time":9.829056229,"data":"  \"adaptive_short_track_rescue\": true,\n"}
,{"stream_name":"stdout","time":9.829061892,"data":"  \"allow_artifact_fallback\": false,\n"}
,{"stream_name":"stdout","time":9.829067165,"data":"  \"allow_pip_install\": false,\n"}
,{"stream_name":"stdout","time":9.829071323,"data":"  \"deepcenter_checkpoint_default\": \"/kaggle/input/biohub-deepcenter-unet3d-center-prior-v1/weights/full_frame_center/best.pt\",\n"}
,{"stream_name":"stdout","time":9.829076786,"data":"  \"deepcenter_expected_epoch\": 2,\n"}
,{"stream_name":"stdout","time":9.829081132,"data":"  \"deepcenter_gap_add_gate\": true,\n"}
,{"stream_name":"stdout","time":9.829085286,"data":"  \"deepcenter_gap_confirm_min_span_um\": 8.5,\n"}
,{"stream_name":"stdout","time":9.829089993,"data":"  \"deepcenter_gap_threshold\": 0.25,\n"}
,{"stream_name":"stdout","time":9.829094709,"data":"  \"deepcenter_safe_div_add_gate\": true,\n"}
,{"stream_name":"stdout","time":9.829098994,"data":"  \"deepcenter_safe_div_threshold\": 0.2,\n"}
,{"stream_name":"stdout","time":9.829124289,"data":"  \"det_threshold\": 0.965,\n"}
,{"stream_name":"stdout","time":9.829129412,"data":"  \"div_drop_to_single_if_bad\": true,\n"}
,{"stream_name":"stdout","time":9.829133923,"data":"  \"div_parent_max_um\": 10.5,\n"}
,{"stream_name":"stdout","time":9.829139001,"data":"  \"div_sister_max_um\": 8.0,\n"}
,{"stream_name":"stdout","time":9.829144313,"data":"  \"experiment_tag\": \"selected_101_dual_seed_near_balanced_center_confirmed_synthetic_gap\",\n"}
,{"stream_name":"stdout","time":9.8291484,"data":"  \"gap2_frame_frac_cap\": 0.006,\n"}
,{"stream_name":"stdout","time":9.829152889,"data":"  \"gap2_max_links_abs\": 180,\n"}
,{"stream_name":"stdout","time":9.829157051,"data":"  \"gap2_max_links_frac\": 0.0045,\n"}
,{"stream_name":"stdout","time":9.829161411,"data":"  \"gap2_max_step_um\": 4.4,\n"}
,{"stream_name":"stdout","time":9.829166306,"data":"  \"gap2_max_total_um\": 10.2,\n"}
,{"stream_name":"stdout","time":9.829171023,"data":"  \"gap2_require_context\": true,\n"}
,{"stream_name":"stdout","time":9.829175264,"data":"  \"gap_close_effective_max_gap\": 1,\n"}
,{"stream_name":"stdout","time":9.829180023,"data":"  \"gap_close_max_added_abs\": 2000,\n"}
,{"stream_name":"stdout","time":9.829184428,"data":"  \"gap_close_max_added_frac\": 0.05,\n"}
,{"stream_name":"stdout","time":9.829188607,"data":"  \"gap_close_max_gap\": 2,\n"}
,{"stream_name":"stdout","time":9.829193112,"data":"  \"gap_close_reuse_existing\": true,\n"}
,{"stream_name":"stdout","time":9.829197517,"data":"  \"gap_close_reuse_um\": 3.2,\n"}
,{"stream_name":"stdout","time":9.829201954,"data":"  \"gap_close_um\": 5.0,\n"}
,{"stream_name":"stdout","time":9.829205949,"data":"  \"gap_density_adaptive\": true,\n"}
,{"stream_name":"stdout","time":9.829210542,"data":"  \"gap_density_gain\": 0.04,\n"}
,{"stream_name":"stdout","time":9.829215666,"data":"  \"gap_density_max_step_delta_um\": 0.125,\n"}
,{"stream_name":"stdout","time":9.829220167,"data":"  \"gap_density_neighbors\": 3,\n"}
,{"stream_name":"stdout","time":9.829224335,"data":"  \"gap_density_reference_um\": 6.5,\n"}
,{"stream_name":"stdout","time":9.82922901,"data":"  \"gap_refine_max_shift_um\": 3.2,\n"}
,{"stream_name":"stdout","time":9.829233683,"data":"  \"gap_refine_synthetic\": true,\n"}
,{"stream_name":"stdout","time":9.829238094,"data":"  \"gap_refine_win_yx\": 3,\n"}
,{"stream_name":"stdout","time":9.829242189,"data":"  \"gap_refine_win_z\": 1,\n"}
,{"stream_name":"stdout","time":9.829246992,"data":"  \"ilp_appearance_weight\": 0.0,\n"}
,{"stream_name":"stdout","time":9.829251588,"data":"  \"ilp_disappearance_weight\": 2.0,\n"}
,{"stream_name":"stdout","time":9.829256781,"data":"  \"ilp_division_weight\": 1.2,\n"}
,{"stream_name":"stdout","time":9.82926147,"data":"  \"ilp_edge_weight\": -1.0,\n"}
,{"stream_name":"stdout","time":9.829266264,"data":"  \"method\": \"unet_transformer\",\n"}
,{"stream_name":"stdout","time":9.829271125,"data":"  \"motion_relink_learned_bonus\": 1.0,\n"}
,{"stream_name":"stdout","time":9.829275855,"data":"  \"motion_relink_max_frame_nodes\": 2600,\n"}
,{"stream_name":"stdout","time":9.829280139,"data":"  \"motion_relink_relaxed_um\": 10.0,\n"}
,{"stream_name":"stdout","time":9.829284982,"data":"  \"motion_relink_tight_um\": 6.0,\n"}
,{"stream_name":"stdout","time":9.82928984,"data":"  \"motion_relink_velocity_weight\": 0.5,\n"}
,{"stream_name":"stdout","time":9.829294266,"data":"  \"output_division_geometry_filter\": false,\n"}
,{"stream_name":"stdout","time":9.829299593,"data":"  \"output_edge_max_um\": 14.0,\n"}
,{"stream_name":"stdout","time":9.829312893,"data":"  \"output_enforce_next_frame\": true,\n"}
,{"stream_name":"stdout","time":9.829317418,"data":"  \"output_filter_short_tracks\": true,\n"}
,{"stream_name":"stdout","time":9.829321492,"data":"  \"output_gap2_recovery\": true,\n"}
,{"stream_name":"stdout","time":9.829327232,"data":"  \"output_gap_close\": true,\n"}
,{"stream_name":"stdout","time":9.829335895,"data":"  \"output_keep_division_components\": true,\n"}
,{"stream_name":"stdout","time":9.829339412,"data":"  \"output_linefit_smooth\": true,\n"}
,{"stream_name":"stdout","time":9.829342118,"data":"  \"output_linefit_weight\": 0.8,\n"}
,{"stream_name":"stdout","time":9.829344809,"data":"  \"output_linefit_window\": 2,\n"}
,{"stream_name":"stdout","time":9.829347604,"data":"  \"output_min_track_len\": 6,\n"}
,{"stream_name":"stdout","time":9.829350408,"data":"  \"output_motion_relink\": true,\n"}
,{"stream_name":"stdout","time":9.829370895,"data":"  \"output_prune_isolated\": true,\n"}
,{"stream_name":"stdout","time":9.829375825,"data":"  \"output_safe_divisions\": true,\n"}
,{"stream_name":"stdout","time":9.829380701,"data":"  \"output_single_child_repair\": false,\n"}
,{"stream_name":"stdout","time":9.829385426,"data":"  \"output_single_parent_repair\": true,\n"}
,{"stream_name":"stdout","time":9.829389787,"data":"  \"primary_artifact_manifest\": \"/kaggle/input/datasets/pilkwang/biohub-tracking-support-pack-50ep-v1/ARTIFACT_MANIFEST.json\",\n"}
,{"stream_name":"stdout","time":9.829394977,"data":"  \"safe_div_existing_child_max_um\": 10.0,\n"}
,{"stream_name":"stdout","time":9.829399191,"data":"  \"safe_div_frame_frac_cap\": 0.0076,\n"}
,{"stream_name":"stdout","time":9.8294032,"data":"  \"safe_div_global_frac_cap\": 0.00375,\n"}
,{"stream_name":"stdout","time":9.829407266,"data":"  \"safe_div_max_um\": 9.0,\n"}
,{"stream_name":"stdout","time":9.829411249,"data":"  \"safe_div_sister_max_um\": 14.0,\n"}
,{"stream_name":"stdout","time":9.829415206,"data":"  \"short_track_rescue_max_mean_edge_dist_um\": 3.0,\n"}
,{"stream_name":"stdout","time":9.829419285,"data":"  \"short_track_rescue_max_nodes_abs\": 120,\n"}
,{"stream_name":"stdout","time":9.829459441000001,"data":"  \"short_track_rescue_max_nodes_frac\": 0.012,\n"}
,{"stream_name":"stdout","time":9.829470999,"data":"  \"short_track_rescue_min_len\": 4,\n"}
,{"stream_name":"stdout","time":9.829475669,"data":"  \"short_track_rescue_min_mean_edge_prob\": 0.88,\n"}
,{"stream_name":"stdout","time":9.829479808,"data":"  \"short_track_rescue_trigger_removed_frac\": 0.1,\n"}
,{"stream_name":"stdout","time":9.829483866,"data":"  \"slice\": \"\",\n"}
,{"stream_name":"stdout","time":9.829487819,"data":"  \"target_artifact_slug\": \"biohub-tracking-support-pack-50ep-v1\",\n"}
,{"stream_name":"stdout","time":9.829492051999999,"data":"  \"unet_batch_size\": 4,\n"}
,{"stream_name":"stdout","time":9.829495972,"data":"  \"use_deepcenter_add_only_gate\": true,\n"}
,{"stream_name":"stdout","time":9.829500049,"data":"  \"use_ilp\": true,\n"}
,{"stream_name":"stdout","time":9.829504019,"data":"  \"weights\": \"weights/unet_transformer/split_0/edge_predictor_best.pth\"\n"}
,{"stream_name":"stdout","time":9.829508394,"data":"}\n"}
,{"stream_name":"stdout","time":10.029070183,"data":"ARTIFACTS: /kaggle/input/datasets/pilkwang/biohub-tracking-support-pack-50ep-v1\n"}
,{"stream_name":"stdout","time":10.029095809,"data":"Has offline wheels: True\n"}
,{"stream_name":"stdout","time":10.029100345,"data":"Artifact name: biohub-tracking-support-pack-400ep-snapshot-v1\n"}
,{"stream_name":"stdout","time":10.029113305,"data":"Weight sha256: 12f6881ee3620a831697ca098ff8f48e687a24225f4e048b538deec3562fe771\n"}
,{"stream_name":"stdout","time":10.029116972,"data":"Weight path: weights/unet_transformer/split_0/edge_predictor_best.pth\n"}
,{"stream_name":"stdout","time":10.785087973,"data":"Installing missing packages from offline package dirs: ['polars']\n"}
,{"stream_name":"stdout","time":10.785119813,"data":"Dependency resolver is disabled with --no-deps to avoid replacing Kaggle numpy/scipy in a live kernel.\n"}
,{"stream_name":"stdout","time":10.785124881,"data":"Offline package dirs: ['/kaggle/input/datasets/pilkwang/biohub-tracking-support-pack-50ep-v1/wheels']\n"}
,{"stream_name":"stdout","time":16.834228947,"data":"Offline dependency install succeeded.\n"}
,{"stream_name":"stdout","time":16.834264159,"data":"Installing missing packages from offline package dirs: ['tracksdata', 'zarr', 'pyscipopt', 'geff', 'geff_spec', 'ilpy', 'imagecodecs', 'rustworkx', 'numcodecs', 'donfig', 'bidict']\n"}
,{"stream_name":"stdout","time":16.834281543,"data":"Dependency resolver is disabled with --no-deps to avoid replacing Kaggle numpy/scipy in a live kernel.\n"}
,{"stream_name":"stdout","time":16.834287615,"data":"Offline package dirs: ['/kaggle/input/datasets/pilkwang/biohub-tracking-support-pack-50ep-v1/wheels']\n"}
,{"stream_name":"stdout","time":43.157407973,"data":"Offline dependency install succeeded.\n"}
,{"stream_name":"stderr","time":51.076363942,"data":"/usr/local/lib/python3.12/dist-packages/dask/array/image.py:7: FutureWarning: `find_available_plugins` is deprecated since version 0.25 and will be removed in version 0.27. The plugin infrastructure of `skimage.io` is deprecated. Instead, use `imageio` or other I/O packages directly.\n"}
,{"stream_name":"stderr","time":51.076391249,"data":"  from skimage.io import imread as sk_imread\n"}
,{"stream_name":"stderr","time":51.076401308,"data":"/usr/lib/python3.12/importlib/__init__.py:90: FutureWarning: `reset_plugins` is deprecated since version 0.25 and will be removed in version 0.27. The plugin infrastructure of `skimage.io` is deprecated. Instead, use `imageio` or other I/O packages directly.\n"}
,{"stream_name":"stderr","time":51.076423664000004,"data":"  return _bootstrap._gcd_import(name[level:], package, level)\n"}
,{"stream_name":"stderr","time":51.076428946,"data":"\n"}
,{"stream_name":"stderr","time":51.076448039,"data":"/usr/local/lib/python3.12/dist-packages/dask/array/image.py:7: FutureWarning: `find_available_plugins` is deprecated since version 0.25 and will be removed in version 0.27. The plugin infrastructure of `skimage.io` is deprecated. Instead, use `imageio` or other I/O packages directly.\n"}
,{"stream_name":"stderr","time":51.076454421,"data":"  from skimage.io import imread as sk_imread\n"}
,{"stream_name":"stderr","time":51.076460466,"data":"/usr/lib/python3.12/importlib/__init__.py:90: FutureWarning: `reset_plugins` is deprecated since version 0.25 and will be removed in version 0.27. The plugin infrastructure of `skimage.io` is deprecated. Instead, use `imageio` or other I/O packages directly.\n"}
,{"stream_name":"stderr","time":51.07646623,"data":"  return _bootstrap._gcd_import(name[level:], package, level)\n"}
,{"stream_name":"stdout","time":51.305377581,"data":"Required graph/Zarr/ILP packages import successfully.\n"}
,{"stream_name":"stdout","time":51.305404951,"data":"Inference repo: /kaggle/working/tracking_repo\n"}
,{"stream_name":"stdout","time":51.305410524,"data":"Weights: /kaggle/working/tracking_repo/weights/unet_transformer/split_0/edge_predictor_best.pth\n"}
,{"stream_name":"stdout","time":52.281215568,"data":"Support repo Python manifest SHA256: 978b626d1fd1e7397435a437dfe68691defe1572fc3c20e61012d7c9b52ed029\n"}
,{"stream_name":"stdout","time":52.281261719,"data":"Primary materialized SHA256: 12f6881ee3620a831697ca098ff8f48e687a24225f4e048b538deec3562fe771\n"}
,{"stream_name":"stdout","time":52.281265406,"data":"DeepCenter materialized SHA256: 8040999a92f6b7bbd98fa8cf458141e045c0f9ad7c936bdb3b18e1f7edafe2a0\n"}
,{"stream_name":"stdout","time":246.155643615,"data":"Secondary artifact: /kaggle/input/datasets/pilkwang/biohub-temporal-unet3d-seed314159-v1\n"}
,{"stream_name":"stdout","time":246.155686223,"data":"Secondary weight: /kaggle/working/secondary_seed_weights/unet_transformer/split_0/edge_predictor_best.pth\n"}
,{"stream_name":"stdout","time":246.155690686,"data":"Secondary SHA256: 9bac2fa0dadc4a6fc1899e0caf187f4b553e0a7cd90ba1261a68b35ffe9e305f\n"}
,{"stream_name":"stdout","time":246.155693964,"data":"Secondary edge-logit weight: 0.15\n"}
,{"stream_name":"stdout","time":246.155697127,"data":"Runtime integrity receipt: /kaggle/working/bidirectional_production_runtime_integrity.json\n"}
,{"stream_name":"stdout","time":246.274079345,"data":"TARGET950: selector uses fixed official score; legacy proxy fields are diagnostic only.\n"}
,{"stream_name":"stdout","time":577.939597121,"data":"Looking in links: /kaggle/input/datasets/sjlee101/biohub-hoct-020-wheels\n"}
,{"stream_name":"stdout","time":577.970953005,"data":"Processing /kaggle/input/datasets/sjlee101/biohub-hoct-020-wheels/hoct-0.2.0-py3-none-any.whl\n"}
,{"stream_name":"stdout","time":577.984074706,"data":"Processing /kaggle/input/datasets/sjlee101/biohub-hoct-020-wheels/spatial_graph-0.1.1-cp311-abi3-manylinux2014_x86_64.manylinux_2_17_x86_64.manylinux_2_28_x86_64.whl\n"}
,{"stream_name":"stdout","time":578.035395268,"data":"Requirement already satisfied: pooch==1.9.0 in /usr/local/lib/python3.12/dist-packages (1.9.0)\n"}
,{"stream_name":"stdout","time":578.037965743,"data":"Installing collected packages: spatial-graph, hoct\n"}
,{"stream_name":"stdout","time":578.150212686,"data":"Looking in links: /kaggle/input/datasets/sjlee101/biohub-hoct-020-wheels\n"}
,{"stream_name":"stdout","time":578.150234032,"data":"Processing /kaggle/input/datasets/sjlee101/biohub-hoct-020-wheels/hoct-0.2.0-py3-none-any.whl\n"}
,{"stream_name":"stdout","time":578.150251161,"data":"Processing /kaggle/input/datasets/sjlee101/biohub-hoct-020-wheels/spatial_graph-0.1.1-cp311-abi3-manylinux2014_x86_64.manylinux_2_17_x86_64.manylinux_2_28_x86_64.whl\n"}
,{"stream_name":"stdout","time":578.150257994,"data":"Requirement already satisfied: pooch==1.9.0 in /usr/local/lib/python3.12/dist-packages (1.9.0)\n"}
,{"stream_name":"stdout","time":578.150263387,"data":"Installing collected packages: spatial-graph, hoct\n"}
,{"stream_name":"stdout","time":578.478777544,"data":"Successfully installed hoct-0.2.0 spatial-graph-0.1.1\n"}
,{"stream_name":"stdout","time":578.555212466,"data":"Successfully installed hoct-0.2.0 spatial-graph-0.1.1\n"}
,{"stream_name":"stdout","time":578.55526449,"data":"S02_ENVIRONMENT_GUARD {\"status\": \"ENVIRONMENT_VERIFIED\", \"expected_version\": \"0.1.0rc6.dev3+g980c2d30a\", \"observed_version\": \"0.1.0rc6.dev3+g980c2d30a\", \"files\": {\"tracksdata.graph._rustworkx_graph\": {\"expected_sha256\": \"548db539dcf066f4a1bc331ba4bbb547d0b556d763fa9746185b19be514d1d11\", \"observed_sha256\": \"548db539dcf066f4a1bc331ba4bbb547d0b556d763fa9746185b19be514d1d11\", \"path\": \"/usr/local/lib/python3.12/dist-packages/tracksdata/graph/_rustworkx_graph.py\"}, \"tracksdata.graph._base_graph\": {\"expected_sha256\": \"fd3835a3a37b0817896e063ac10f809683b632ed7582c16547d40d304df19462\", \"observed_sha256\": \"fd3835a3a37b0817896e063ac10f809683b632ed7582c16547d40d304df19462\", \"path\": \"/usr/local/lib/python3.12/dist-packages/tracksdata/graph/_base_graph.py\"}, \"tracksdata.nodes._mask\": {\"expected_sha256\": \"43297f42c31a9035e242825aab51faf1ba219b25dbadf081e6de7d113818c422\", \"observed_sha256\": \"43297f42c31a9035e242825aab51faf1ba219b25dbadf081e6de7d113818c422\", \"path\": \"/usr/local/lib/python3.12/dist-packages/tracksdata/nodes/_mask.py\"}}, \"errors\": [], \"executable\": \"/usr/bin/python3\", \"prefix\": \"/usr\", \"worker_environment\": \"same sys.executable, inherited environment, no dependency mutation after guard\"}\n"}
,{"stream_name":"stdout","time":1010.170332123,"data":"S02_FOV 44b6_12dfb391 {'video': '44b6_12dfb391', 'input_hash': '6c9c18810ed03c0299fbaa26028e2b77e497b67e95a50c836dc587eb601281de', 'status': 'APPLIED', 'nodes': 44959, 'edges_before': 43496, 'edges_after': 43474, 'protected': 46, 'protected_hash': 'aae67c2666d14bc096ce2ca752c2d6934327bcba0ab4f089992f3335f86e3549', 'anomalous_parents': 0, 'coordinates_hash': '69abb1e407ad2e808c082d25d74653c63080815cf00c7026b030ff6acc981a1a', 'covered': 43450, 'deleted': 22, 'uncovered': 0, 'added_edges': 0, 'invariants_pass': True, 'evidence_summary': {'video': '44b6_12dfb391', 'input_hash': '6c9c18810ed03c0299fbaa26028e2b77e497b67e95a50c836dc587eb601281de', 'complete': True, 'attempts': [{'chunks': 1, 'status': 'COMPLETE', 'receipts': [{'mapped_nodes': 44959, 'candidate_edges': 223105, 'evaluated_edges': 221660, 'statuses': ['SolverStatus.OPTIMAL', 'SolverStatus.OPTIMAL']}]}], 'estimate_s': 414.631, 'lost_sphere_nodes': 0, 'reason': 'COMPLETE', 'chunks': 1, 'seconds': 317.19847634200005, 'seconds_total': 320.23652320400004, 'peak_rss_kib': 6680320, 'peak_cuda_bytes': 1005520896}}\n"}
,{"stream_name":"stdout","time":1260.643637969,"data":"S02_FOV 44b6_267148e4 {'video': '44b6_267148e4', 'input_hash': '69e02e1b695a184b4ea97cbfa66c0cabce1a54793dfaf59170b8b089c828ef4d', 'status': 'APPLIED', 'nodes': 22263, 'edges_before': 21338, 'edges_after': 21214, 'protected': 28, 'protected_hash': '81e97d7ea7ccac20694fad311352a98a8473a3e401db7f9849def83c8348531c', 'anomalous_parents': 0, 'coordinates_hash': '41eadd59b04958888a1e015707090c170139b7708518f640c07e538b1f8a67cf', 'covered': 21310, 'deleted': 124, 'uncovered': 0, 'added_edges': 0, 'invariants_pass': True, 'evidence_summary': {'video': '44b6_267148e4', 'input_hash': '69e02e1b695a184b4ea97cbfa66c0cabce1a54793dfaf59170b8b089c828ef4d', 'complete': True, 'attempts': [{'chunks': 1, 'status': 'COMPLETE', 'receipts': [{'mapped_nodes': 22263, 'candidate_edges': 110590, 'evaluated_edges': 110249, 'statuses': ['SolverStatus.OPTIMAL', 'SolverStatus.OPTIMAL']}]}], 'estimate_s': 210.367, 'lost_sphere_nodes': 0, 'reason': 'COMPLETE', 'chunks': 1, 'seconds': 143.17423427300014, 'seconds_total': 145.45162246099994, 'peak_rss_kib': 4824876, 'peak_cuda_bytes': 555167232}}\n"}
,{"stream_name":"stdout","time":1646.929678736,"data":"S02_FOV 44b6_2a2eff9f {'video': '44b6_2a2eff9f', 'input_hash': 'e77284692821f01d43d4b5f99e05e105cf14252aba9eb83ccf8df1f23b569315', 'status': 'APPLIED', 'nodes': 40117, 'edges_before': 38412, 'edges_after': 38368, 'protected': 68, 'protected_hash': '7d6b1bd75e0796324d8c96158df422cf8b7c22f178a4d6b42928233417e8a888', 'anomalous_parents': 0, 'coordinates_hash': 'ece2545d38e29677ee46f34b33e0c6f7971fb1f54e32de9148a4c62a4a64351d', 'covered': 38344, 'deleted': 44, 'uncovered': 0, 'added_edges': 0, 'invariants_pass': True, 'evidence_summary': {'video': '44b6_2a2eff9f', 'input_hash': 'e77284692821f01d43d4b5f99e05e105cf14252aba9eb83ccf8df1f23b569315', 'complete': True, 'attempts': [{'chunks': 1, 'status': 'COMPLETE', 'receipts': [{'mapped_nodes': 40117, 'candidate_edges': 198695, 'evaluated_edges': 198116, 'statuses': ['SolverStatus.OPTIMAL', 'SolverStatus.OPTIMAL']}]}], 'estimate_s': 371.053, 'lost_sphere_nodes': 0, 'reason': 'COMPLETE', 'chunks': 1, 'seconds': 275.80090706300007, 'seconds_total': 278.4432683790001, 'peak_rss_kib': 6457668, 'peak_cuda_bytes': 850977792}}\n"}
,{"stream_name":"stdout","time":1837.111697266,"data":"S02_FOV 44b6_341df25f {'video': '44b6_341df25f', 'input_hash': '99358e5a3bd780aa11bd4dbcfff01f128da46ea05344fbaec6ea15e81835783a', 'status': 'APPLIED', 'nodes': 8413, 'edges_before': 8176, 'edges_after': 8175, 'protected': 16, 'protected_hash': 'c313f520079103bd21548b0073df391a9e98ac0737ee3feda032d679c8f272ff', 'anomalous_parents': 0, 'coordinates_hash': 'ba99c9074065d15ad004268de674039a750bba65a4630dd44f0b35275a890ded', 'covered': 8160, 'deleted': 1, 'uncovered': 0, 'added_edges': 0, 'invariants_pass': True, 'evidence_summary': {'video': '44b6_341df25f', 'input_hash': '99358e5a3bd780aa11bd4dbcfff01f128da46ea05344fbaec6ea15e81835783a', 'complete': True, 'attempts': [{'chunks': 1, 'status': 'COMPLETE', 'receipts': [{'mapped_nodes': 8413, 'candidate_edges': 41640, 'evaluated_edges': 41441, 'statuses': ['SolverStatus.OPTIMAL', 'SolverStatus.OPTIMAL']}]}], 'estimate_s': 85.717, 'lost_sphere_nodes': 0, 'reason': 'COMPLETE', 'chunks': 1, 'seconds': 75.18958377600006, 'seconds_total': 77.5369150370002, 'peak_rss_kib': 4750060, 'peak_cuda_bytes': 149888000}}\n"}
,{"stream_name":"stdout","time":2009.141965644,"data":"S02_FOV 6bba_062c8d37 {'video': '6bba_062c8d37', 'input_hash': 'c45de079b9c8aac77f425d506aa529294dd3816548e4da2c43530f2938e35250', 'status': 'APPLIED', 'nodes': 5853, 'edges_before': 5621, 'edges_after': 5576, 'protected': 4, 'protected_hash': '1a9acf834883ea330a4c0baaac6d3d41d9ac680eb3a36d4b2bc69cd989913a27', 'anomalous_parents': 0, 'coordinates_hash': 'de268061d63d979a3f726ce24173f50eaaa70f426420cb60195761672988dba4', 'covered': 5617, 'deleted': 45, 'uncovered': 0, 'added_edges': 0, 'invariants_pass': True, 'evidence_summary': {'video': '6bba_062c8d37', 'input_hash': 'c45de079b9c8aac77f425d506aa529294dd3816548e4da2c43530f2938e35250', 'complete': True, 'attempts': [{'chunks': 1, 'status': 'COMPLETE', 'receipts': [{'mapped_nodes': 5853, 'candidate_edges': 29065, 'evaluated_edges': 28396, 'statuses': ['SolverStatus.OPTIMAL', 'SolverStatus.OPTIMAL']}]}], 'estimate_s': 62.677, 'lost_sphere_nodes': 0, 'reason': 'COMPLETE', 'chunks': 1, 'seconds': 68.04192842699968, 'seconds_total': 70.21938207599987, 'peak_rss_kib': 4684196, 'peak_cuda_bytes': 75968512}}\n"}
,{"stream_name":"stdout","time":2290.375533102,"data":"S02_FOV 6bba_07e24132 {'video': '6bba_07e24132', 'input_hash': 'ea0e25f6854a99d553d4d1f20ca6c99f1060a61b7d8cc5c3c175ef8e1c9e97dd', 'status': 'APPLIED', 'nodes': 29179, 'edges_before': 28140, 'edges_after': 28071, 'protected': 8, 'protected_hash': 'ffe32c285285afd5defbe1532fa656ca56057a41ed92571805102c6863439851', 'anomalous_parents': 0, 'coordinates_hash': '2e1d12071389272aa0a3c3381433f0cf57c19d72458d042daf26ec6ee1eff3dd', 'covered': 28132, 'deleted': 69, 'uncovered': 0, 'added_edges': 0, 'invariants_pass': True, 'evidence_summary': {'video': '6bba_07e24132', 'input_hash': 'ea0e25f6854a99d553d4d1f20ca6c99f1060a61b7d8cc5c3c175ef8e1c9e97dd', 'complete': True, 'attempts': [{'chunks': 1, 'status': 'COMPLETE', 'receipts': [{'mapped_nodes': 29179, 'candidate_edges': 144600, 'evaluated_edges': 143746, 'statuses': ['SolverStatus.OPTIMAL', 'SolverStatus.OPTIMAL']}]}], 'estimate_s': 272.611, 'lost_sphere_nodes': 0, 'reason': 'COMPLETE', 'chunks': 1, 'seconds': 181.30248404500026, 'seconds_total': 183.84265795599958, 'peak_rss_kib': 5496032, 'peak_cuda_bytes': 1234599936}}\n"}
,{"stream_name":"stdout","time":2469.043760823,"data":"S02_FOV 6bba_085bf656 {'video': '6bba_085bf656', 'input_hash': 'b967eddb7009268df5d24c6d1b6896a0d182d0f6adc07fb429d808c1d1df8086', 'status': 'APPLIED', 'nodes': 8300, 'edges_before': 8030, 'edges_after': 8028, 'protected': 8, 'protected_hash': '89cf6d952ab9c862aa5ecba664367ac39990c6597efbb302144dda40ae74736c', 'anomalous_parents': 0, 'coordinates_hash': '3f327d15b2d29427d582f1fb19c14709d2deefba0d152b5756b55b0250ffe3fa', 'covered': 8022, 'deleted': 2, 'uncovered': 0, 'added_edges': 0, 'invariants_pass': True, 'evidence_summary': {'video': '6bba_085bf656', 'input_hash': 'b967eddb7009268df5d24c6d1b6896a0d182d0f6adc07fb429d808c1d1df8086', 'complete': True, 'attempts': [{'chunks': 1, 'status': 'COMPLETE', 'receipts': [{'mapped_nodes': 8300, 'candidate_edges': 40975, 'evaluated_edges': 40641, 'statuses': ['SolverStatus.OPTIMAL', 'SolverStatus.OPTIMAL']}]}], 'estimate_s': 84.7, 'lost_sphere_nodes': 0, 'reason': 'COMPLETE', 'chunks': 1, 'seconds': 74.68726148499991, 'seconds_total': 76.78856846999997, 'peak_rss_kib': 4745572, 'peak_cuda_bytes': 126656000}}\n"}
,{"stream_name":"stdout","time":2761.084934883,"data":"S02_FOV 6bba_09961292 {'video': '6bba_09961292', 'input_hash': '5b5e79f455f7f1e24fd6b3b5f02045bd4a90782b6c8b40afa3bba5acdb169371', 'status': 'APPLIED', 'nodes': 29742, 'edges_before': 28909, 'edges_after': 28776, 'protected': 36, 'protected_hash': '4c2c5b58d9ff6767e5581de3c5811beae844d0aa6864776b1ad27dd4a818c0ed', 'anomalous_parents': 0, 'coordinates_hash': 'e3489616ee9908d941d3600e28cc52dbc551b3d023cc0543130eb1e61e26b4d7', 'covered': 28873, 'deleted': 133, 'uncovered': 0, 'added_edges': 0, 'invariants_pass': True, 'evidence_summary': {'video': '6bba_09961292', 'input_hash': '5b5e79f455f7f1e24fd6b3b5f02045bd4a90782b6c8b40afa3bba5acdb169371', 'complete': True, 'attempts': [{'chunks': 1, 'status': 'COMPLETE', 'receipts': [{'mapped_nodes': 29742, 'candidate_edges': 147265, 'evaluated_edges': 147203, 'statuses': ['SolverStatus.OPTIMAL', 'SolverStatus.OPTIMAL']}]}], 'estimate_s': 277.678, 'lost_sphere_nodes': 0, 'reason': 'COMPLETE', 'chunks': 1, 'seconds': 183.94217639, 'seconds_total': 186.4106311720002, 'peak_rss_kib': 5268004, 'peak_cuda_bytes': 1754893824}}\n"}
,{"stream_name":"stdout","time":2761.08647811,"data":"S02_DIAGNOSTIC_DONE DIAGNOSTIC_REJECT\n"}
,{"stream_name":"stderr","time":2764.113625481,"data":"/usr/local/lib/python3.12/dist-packages/mistune.py:435: SyntaxWarning: invalid escape sequence '\\|'\n"}
,{"stream_name":"stderr","time":2764.113691312,"data":"  cells[i][c] = re.sub('\\\\\\\\\\|', '|', cell)\n"}
,{"stream_name":"stderr","time":2764.249976832,"data":"/usr/local/lib/python3.12/dist-packages/nbconvert/filters/filter_links.py:36: SyntaxWarning: invalid escape sequence '\\_'\n"}
,{"stream_name":"stderr","time":2764.250022169,"data":"  text = re.sub(r'_', '\\_', text) # Escape underscores in display text\n"}
,{"stream_name":"stderr","time":2764.938475012,"data":"[NbConvertApp] Converting notebook __notebook__.ipynb to notebook\n"}
,{"stream_name":"stderr","time":2765.235292168,"data":"[NbConvertApp] Writing 193252 bytes to __notebook__.ipynb\n"}
,{"stream_name":"stderr","time":2767.64898596,"data":"[NbConvertApp] Converting notebook __notebook__.ipynb to html\n"}
,{"stream_name":"stderr","time":2768.771091172,"data":"[NbConvertApp] Writing 814387 bytes to __results__.html\n"}
]