[{"stream_name":"stderr","time":8.938207176,"data":"0.00s - Debugger warning: It seems that frozen modules are being used, which may\n"}
,{"stream_name":"stderr","time":8.938316753,"data":"0.00s - make the debugger miss breakpoints. Please pass -Xfrozen_modules=off\n"}
,{"stream_name":"stderr","time":8.938324806,"data":"0.00s - to python to disable frozen modules.\n"}
,{"stream_name":"stderr","time":8.938329527,"data":"0.00s - Note: Debugging will proceed. Set PYDEVD_DISABLE_FILE_VALIDATION=1 to disable this validation.\n"}
,{"stream_name":"stderr","time":9.721200263,"data":"0.00s - Debugger warning: It seems that frozen modules are being used, which may\n"}
,{"stream_name":"stderr","time":9.721274939,"data":"0.00s - make the debugger miss breakpoints. Please pass -Xfrozen_modules=off\n"}
,{"stream_name":"stderr","time":9.721284404,"data":"0.00s - to python to disable frozen modules.\n"}
,{"stream_name":"stderr","time":9.721289207,"data":"0.00s - Note: Debugging will proceed. Set PYDEVD_DISABLE_FILE_VALIDATION=1 to disable this validation.\n"}
,{"stream_name":"stdout","time":11.04496181,"data":"BIOHUB_PRESET: harmonic_v3_division_wide\n"}
,{"stream_name":"stdout","time":11.045019563,"data":"BIOHUB_SCORE_AXIS: public 0.939 base + holdout-selected post-process configuration\n"}
,{"stream_name":"stdout","time":11.08430461,"data":"Configuration guard: PASS\n"}
,{"stream_name":"stdout","time":11.084357562,"data":"Baseline: fixed-90 dual-seed clean pipeline (public LB 0.913)\n"}
,{"stream_name":"stdout","time":11.084364889,"data":"Single model-level change: harmonic mutual-support association fusion\n"}
,{"stream_name":"stdout","time":11.084369849,"data":"Reverse-time association weight: 0.200\n"}
,{"stream_name":"stdout","time":12.220787105,"data":"Biohub learned UNet + node-transformer + ILP submission\n"}
,{"stream_name":"stdout","time":12.220841523,"data":"COMP_DIR: /kaggle/input/competitions/biohub-cell-tracking-during-development exists: True\n"}
,{"stream_name":"stdout","time":12.220850113,"data":"TEST_DIR: /kaggle/input/competitions/biohub-cell-tracking-during-development/test exists: True\n"}
,{"stream_name":"stdout","time":12.220855435,"data":"{\n"}
,{"stream_name":"stdout","time":12.220861774,"data":"  \"adaptive_short_track_rescue\": true,\n"}
,{"stream_name":"stdout","time":12.220867322,"data":"  \"allow_artifact_fallback\": false,\n"}
,{"stream_name":"stdout","time":12.220872656,"data":"  \"allow_pip_install\": false,\n"}
,{"stream_name":"stdout","time":12.22087798,"data":"  \"deepcenter_checkpoint_default\": \"/kaggle/input/biohub-deepcenter-unet3d-center-prior-v1/weights/full_frame_center/best.pt\",\n"}
,{"stream_name":"stdout","time":12.220883086,"data":"  \"deepcenter_expected_epoch\": 2,\n"}
,{"stream_name":"stdout","time":12.220887545,"data":"  \"deepcenter_gap_add_gate\": true,\n"}
,{"stream_name":"stdout","time":12.220892037,"data":"  \"deepcenter_gap_confirm_min_span_um\": 8.5,\n"}
,{"stream_name":"stdout","time":12.220896976,"data":"  \"deepcenter_gap_threshold\": 0.25,\n"}
,{"stream_name":"stdout","time":12.220902286,"data":"  \"deepcenter_safe_div_add_gate\": true,\n"}
,{"stream_name":"stdout","time":12.220907256,"data":"  \"deepcenter_safe_div_threshold\": 0.25,\n"}
,{"stream_name":"stdout","time":12.220911955,"data":"  \"det_threshold\": 0.965,\n"}
,{"stream_name":"stdout","time":12.220917293,"data":"  \"div_drop_to_single_if_bad\": true,\n"}
,{"stream_name":"stdout","time":12.220922046,"data":"  \"div_parent_max_um\": 10.5,\n"}
,{"stream_name":"stdout","time":12.220926642,"data":"  \"div_sister_max_um\": 8.0,\n"}
,{"stream_name":"stdout","time":12.220931711,"data":"  \"experiment_tag\": \"selected_101_dual_seed_near_balanced_center_confirmed_synthetic_gap\",\n"}
,{"stream_name":"stdout","time":12.22097691,"data":"  \"gap2_frame_frac_cap\": 0.006,\n"}
,{"stream_name":"stdout","time":12.220983563,"data":"  \"gap2_max_links_abs\": 180,\n"}
,{"stream_name":"stdout","time":12.220987811,"data":"  \"gap2_max_links_frac\": 0.0045,\n"}
,{"stream_name":"stdout","time":12.220992166,"data":"  \"gap2_max_step_um\": 4.4,\n"}
,{"stream_name":"stdout","time":12.220998263,"data":"  \"gap2_max_total_um\": 10.2,\n"}
,{"stream_name":"stdout","time":12.221003461,"data":"  \"gap2_require_context\": true,\n"}
,{"stream_name":"stdout","time":12.221007974,"data":"  \"gap_close_effective_max_gap\": 1,\n"}
,{"stream_name":"stdout","time":12.221012734,"data":"  \"gap_close_max_added_abs\": 2000,\n"}
,{"stream_name":"stdout","time":12.221017048,"data":"  \"gap_close_max_added_frac\": 0.05,\n"}
,{"stream_name":"stdout","time":12.221022206,"data":"  \"gap_close_max_gap\": 2,\n"}
,{"stream_name":"stdout","time":12.22102715,"data":"  \"gap_close_reuse_existing\": true,\n"}
,{"stream_name":"stdout","time":12.221032808,"data":"  \"gap_close_reuse_um\": 3.2,\n"}
,{"stream_name":"stdout","time":12.221037818,"data":"  \"gap_close_um\": 5.0,\n"}
,{"stream_name":"stdout","time":12.221042659,"data":"  \"gap_density_adaptive\": true,\n"}
,{"stream_name":"stdout","time":12.221048028,"data":"  \"gap_density_gain\": 0.04,\n"}
,{"stream_name":"stdout","time":12.221053412,"data":"  \"gap_density_max_step_delta_um\": 0.125,\n"}
,{"stream_name":"stdout","time":12.221058528,"data":"  \"gap_density_neighbors\": 3,\n"}
,{"stream_name":"stdout","time":12.221062787,"data":"  \"gap_density_reference_um\": 6.5,\n"}
,{"stream_name":"stdout","time":12.221067317,"data":"  \"gap_refine_max_shift_um\": 3.2,\n"}
,{"stream_name":"stdout","time":12.221071878,"data":"  \"gap_refine_synthetic\": true,\n"}
,{"stream_name":"stdout","time":12.221076528,"data":"  \"gap_refine_win_yx\": 3,\n"}
,{"stream_name":"stdout","time":12.221081443,"data":"  \"gap_refine_win_z\": 1,\n"}
,{"stream_name":"stdout","time":12.221086085,"data":"  \"ilp_appearance_weight\": 0.0,\n"}
,{"stream_name":"stdout","time":12.22109082,"data":"  \"ilp_disappearance_weight\": 2.0,\n"}
,{"stream_name":"stdout","time":12.221095467,"data":"  \"ilp_division_weight\": 1.2,\n"}
,{"stream_name":"stdout","time":12.221100399000001,"data":"  \"ilp_edge_weight\": -1.0,\n"}
,{"stream_name":"stdout","time":12.221105258,"data":"  \"method\": \"unet_transformer\",\n"}
,{"stream_name":"stdout","time":12.22111027,"data":"  \"motion_relink_learned_bonus\": 1.0,\n"}
,{"stream_name":"stdout","time":12.221115679,"data":"  \"motion_relink_max_frame_nodes\": 2600,\n"}
,{"stream_name":"stdout","time":12.221120759,"data":"  \"motion_relink_relaxed_um\": 10.0,\n"}
,{"stream_name":"stdout","time":12.221125894,"data":"  \"motion_relink_tight_um\": 5.5,\n"}
,{"stream_name":"stdout","time":12.221131155,"data":"  \"motion_relink_velocity_weight\": 0.5,\n"}
,{"stream_name":"stdout","time":12.221136338,"data":"  \"output_division_geometry_filter\": false,\n"}
,{"stream_name":"stdout","time":12.221140731,"data":"  \"output_edge_max_um\": 14.0,\n"}
,{"stream_name":"stdout","time":12.221149423,"data":"  \"output_enforce_next_frame\": true,\n"}
,{"stream_name":"stdout","time":12.221154901,"data":"  \"output_filter_short_tracks\": true,\n"}
,{"stream_name":"stdout","time":12.221160514,"data":"  \"output_gap2_recovery\": true,\n"}
,{"stream_name":"stdout","time":12.221165758,"data":"  \"output_gap_close\": true,\n"}
,{"stream_name":"stdout","time":12.221171654,"data":"  \"output_keep_division_components\": true,\n"}
,{"stream_name":"stdout","time":12.221194402,"data":"  \"output_linefit_smooth\": true,\n"}
,{"stream_name":"stdout","time":12.221199727,"data":"  \"output_linefit_weight\": 0.8,\n"}
,{"stream_name":"stdout","time":12.221204371,"data":"  \"output_linefit_window\": 2,\n"}
,{"stream_name":"stdout","time":12.221208799,"data":"  \"output_min_track_len\": 6,\n"}
,{"stream_name":"stdout","time":12.22121346,"data":"  \"output_motion_relink\": true,\n"}
,{"stream_name":"stdout","time":12.221218711,"data":"  \"output_prune_isolated\": true,\n"}
,{"stream_name":"stdout","time":12.221242538,"data":"  \"output_safe_divisions\": true,\n"}
,{"stream_name":"stdout","time":12.221254714,"data":"  \"output_single_child_repair\": false,\n"}
,{"stream_name":"stdout","time":12.221260721,"data":"  \"output_single_parent_repair\": true,\n"}
,{"stream_name":"stdout","time":12.221266214,"data":"  \"primary_artifact_manifest\": \"/kaggle/input/datasets/pilkwang/biohub-tracking-support-pack-50ep-v1/ARTIFACT_MANIFEST.json\",\n"}
,{"stream_name":"stdout","time":12.221271969,"data":"  \"safe_div_existing_child_max_um\": 10.0,\n"}
,{"stream_name":"stdout","time":12.221292448,"data":"  \"safe_div_frame_frac_cap\": 0.0076,\n"}
,{"stream_name":"stdout","time":12.221297454,"data":"  \"safe_div_global_frac_cap\": 0.00375,\n"}
,{"stream_name":"stdout","time":12.221302031,"data":"  \"safe_div_max_um\": 9.0,\n"}
,{"stream_name":"stdout","time":12.22130637,"data":"  \"safe_div_sister_max_um\": 14.0,\n"}
,{"stream_name":"stdout","time":12.221310782,"data":"  \"short_track_rescue_max_mean_edge_dist_um\": 3.0,\n"}
,{"stream_name":"stdout","time":12.221317507,"data":"  \"short_track_rescue_max_nodes_abs\": 120,\n"}
,{"stream_name":"stdout","time":12.221327668,"data":"  \"short_track_rescue_max_nodes_frac\": 0.012,\n"}
,{"stream_name":"stdout","time":12.221331056,"data":"  \"short_track_rescue_min_len\": 4,\n"}
,{"stream_name":"stdout","time":12.221334078,"data":"  \"short_track_rescue_min_mean_edge_prob\": 0.88,\n"}
,{"stream_name":"stdout","time":12.221337074,"data":"  \"short_track_rescue_trigger_removed_frac\": 0.1,\n"}
,{"stream_name":"stdout","time":12.2213401,"data":"  \"slice\": \"\",\n"}
,{"stream_name":"stdout","time":12.221343183,"data":"  \"target_artifact_slug\": \"biohub-tracking-support-pack-50ep-v1\",\n"}
,{"stream_name":"stdout","time":12.221346399,"data":"  \"unet_batch_size\": 4,\n"}
,{"stream_name":"stdout","time":12.221349363,"data":"  \"use_deepcenter_add_only_gate\": true,\n"}
,{"stream_name":"stdout","time":12.221352496,"data":"  \"use_ilp\": true,\n"}
,{"stream_name":"stdout","time":12.221355631,"data":"  \"weights\": \"weights/unet_transformer/split_0/edge_predictor_best.pth\"\n"}
,{"stream_name":"stdout","time":12.221358869,"data":"}\n"}
,{"stream_name":"stdout","time":12.464568058,"data":"ARTIFACTS: /kaggle/input/datasets/pilkwang/biohub-tracking-support-pack-50ep-v1\n"}
,{"stream_name":"stdout","time":12.46461448,"data":"Has offline wheels: True\n"}
,{"stream_name":"stdout","time":12.464620526,"data":"Artifact name: biohub-tracking-support-pack-400ep-snapshot-v1\n"}
,{"stream_name":"stdout","time":12.464625488,"data":"Weight sha256: 12f6881ee3620a831697ca098ff8f48e687a24225f4e048b538deec3562fe771\n"}
,{"stream_name":"stdout","time":12.464630344,"data":"Weight path: weights/unet_transformer/split_0/edge_predictor_best.pth\n"}
,{"stream_name":"stdout","time":13.397725858,"data":"Installing missing packages from offline package dirs: ['polars']\n"}
,{"stream_name":"stdout","time":13.39776763,"data":"Dependency resolver is disabled with --no-deps to avoid replacing Kaggle numpy/scipy in a live kernel.\n"}
,{"stream_name":"stdout","time":13.397824417,"data":"Offline package dirs: ['/kaggle/input/datasets/pilkwang/biohub-tracking-support-pack-50ep-v1/wheels']\n"}
,{"stream_name":"stdout","time":21.011204049,"data":"Offline dependency install succeeded.\n"}
,{"stream_name":"stdout","time":21.01128163,"data":"Installing missing packages from offline package dirs: ['tracksdata', 'zarr', 'pyscipopt', 'geff', 'geff_spec', 'ilpy', 'imagecodecs', 'rustworkx', 'numcodecs', 'donfig', 'bidict']\n"}
,{"stream_name":"stdout","time":21.011293321,"data":"Dependency resolver is disabled with --no-deps to avoid replacing Kaggle numpy/scipy in a live kernel.\n"}
,{"stream_name":"stdout","time":21.011299626,"data":"Offline package dirs: ['/kaggle/input/datasets/pilkwang/biohub-tracking-support-pack-50ep-v1/wheels']\n"}
,{"stream_name":"stdout","time":53.12286102,"data":"Offline dependency install succeeded.\n"}
,{"stream_name":"stdout","time":61.127618281,"data":"Required graph/Zarr/ILP packages import successfully.\n"}
,{"stream_name":"stdout","time":61.12770146,"data":"Inference repo: /kaggle/working/tracking_repo\n"}
,{"stream_name":"stdout","time":61.127711105,"data":"Weights: /kaggle/working/tracking_repo/weights/unet_transformer/split_0/edge_predictor_best.pth\n"}
,{"stream_name":"stdout","time":62.447586272,"data":"Support repo Python manifest SHA256: 978b626d1fd1e7397435a437dfe68691defe1572fc3c20e61012d7c9b52ed029\n"}
,{"stream_name":"stdout","time":62.447645432,"data":"Primary materialized SHA256: 12f6881ee3620a831697ca098ff8f48e687a24225f4e048b538deec3562fe771\n"}
,{"stream_name":"stdout","time":62.447651769,"data":"DeepCenter materialized SHA256: 8040999a92f6b7bbd98fa8cf458141e045c0f9ad7c936bdb3b18e1f7edafe2a0\n"}
,{"stream_name":"stdout","time":63.182920341,"data":"Secondary artifact: /kaggle/input/datasets/pilkwang/biohub-temporal-unet3d-seed314159-v1\n"}
,{"stream_name":"stdout","time":63.183010896,"data":"Secondary weight: /kaggle/working/secondary_seed_weights/unet_transformer/split_0/edge_predictor_best.pth\n"}
,{"stream_name":"stdout","time":63.183142981,"data":"Secondary SHA256: 9bac2fa0dadc4a6fc1899e0caf187f4b553e0a7cd90ba1261a68b35ffe9e305f\n"}
,{"stream_name":"stdout","time":63.183154401,"data":"Secondary edge-logit weight: 0.15\n"}
,{"stream_name":"stdout","time":63.183160368,"data":"Runtime integrity receipt: /kaggle/working/bidirectional_production_runtime_integrity.json\n"}
,{"stream_name":"stderr","time":69.219784645,"data":"Traceback (most recent call last):\n"}
,{"stream_name":"stderr","time":69.219832362,"data":"  File \"\u003cstring\u003e\", line 1, in \u003cmodule\u003e\n"}
,{"stream_name":"stderr","time":69.219841382,"data":"  File \"/usr/local/lib/python3.12/dist-packages/papermill/execute.py\", line 131, in execute_notebook\n"}
,{"stream_name":"stderr","time":69.219923815,"data":"    raise_for_execution_errors(nb, output_path)\n"}
,{"stream_name":"stderr","time":69.220037346,"data":"  File \"/usr/local/lib/python3.12/dist-packages/papermill/execute.py\", line 251, in raise_for_execution_errors\n"}
,{"stream_name":"stderr","time":69.220299221,"data":"    raise error\n"}
,{"stream_name":"stderr","time":69.220393273,"data":"papermill.exceptions.PapermillExecutionError: \n"}
,{"stream_name":"stderr","time":69.220409587,"data":"---------------------------------------------------------------------------\n"}
,{"stream_name":"stderr","time":69.220416673,"data":"Exception encountered at \"In [5]\":\n"}
,{"stream_name":"stderr","time":69.220423318,"data":"---------------------------------------------------------------------------\n"}
,{"stream_name":"stderr","time":69.220429877,"data":"RuntimeError                              Traceback (most recent call last)\n"}
,{"stream_name":"stderr","time":69.220449812,"data":"/tmp/ipykernel_16/3953220789.py in \u003ccell line: 0\u003e()\n"}
,{"stream_name":"stderr","time":69.220454921,"data":"      2 \n"}
,{"stream_name":"stderr","time":69.220459187,"data":"      3 if not _torch.cuda.is_available():\n"}
,{"stream_name":"stderr","time":69.220463707,"data":"----\u003e 4     raise RuntimeError(\n"}
,{"stream_name":"stderr","time":69.220467582,"data":"      5         \"CUDA GPU is required for this notebook. Enable a Kaggle GPU accelerator and commit again.\"\n"}
,{"stream_name":"stderr","time":69.220471921,"data":"      6     )\n"}
,{"stream_name":"stderr","time":69.220475676,"data":"\n"}
,{"stream_name":"stderr","time":69.220479883,"data":"RuntimeError: CUDA GPU is required for this notebook. Enable a Kaggle GPU accelerator and commit again.\n"}
,{"stream_name":"stderr","time":69.220485535,"data":"\n"}
,{"stream_name":"stderr","time":72.216256882,"data":"/usr/local/lib/python3.12/dist-packages/mistune.py:435: SyntaxWarning: invalid escape sequence '\\|'\n"}
,{"stream_name":"stderr","time":72.216306054,"data":"  cells[i][c] = re.sub('\\\\\\\\\\|', '|', cell)\n"}
,{"stream_name":"stderr","time":72.388170615,"data":"/usr/local/lib/python3.12/dist-packages/nbconvert/filters/filter_links.py:36: SyntaxWarning: invalid escape sequence '\\_'\n"}
,{"stream_name":"stderr","time":72.388219316,"data":"  text = re.sub(r'_', '\\_', text) # Escape underscores in display text\n"}
,{"stream_name":"stderr","time":73.292336929,"data":"[NbConvertApp] Converting notebook __notebook__.ipynb to notebook\n"}
,{"stream_name":"stderr","time":73.687147018,"data":"[NbConvertApp] Writing 318785 bytes to __notebook__.ipynb\n"}
,{"stream_name":"stderr","time":76.987302616,"data":"[NbConvertApp] Converting notebook __notebook__.ipynb to html\n"}
,{"stream_name":"stderr","time":79.132063117,"data":"[NbConvertApp] Writing 1374783 bytes to __results__.html\n"}
]