[{"stream_name":"stderr","time":9.229693092,"data":"0.00s - Debugger warning: It seems that frozen modules are being used, which may\n"}
,{"stream_name":"stderr","time":9.229774817,"data":"0.00s - make the debugger miss breakpoints. Please pass -Xfrozen_modules=off\n"}
,{"stream_name":"stderr","time":9.229780208,"data":"0.00s - to python to disable frozen modules.\n"}
,{"stream_name":"stderr","time":9.229783424,"data":"0.00s - Note: Debugging will proceed. Set PYDEVD_DISABLE_FILE_VALIDATION=1 to disable this validation.\n"}
,{"stream_name":"stderr","time":10.095598794,"data":"0.00s - Debugger warning: It seems that frozen modules are being used, which may\n"}
,{"stream_name":"stderr","time":10.095643738,"data":"0.00s - make the debugger miss breakpoints. Please pass -Xfrozen_modules=off\n"}
,{"stream_name":"stderr","time":10.095650251,"data":"0.00s - to python to disable frozen modules.\n"}
,{"stream_name":"stderr","time":10.095654682,"data":"0.00s - Note: Debugging will proceed. Set PYDEVD_DISABLE_FILE_VALIDATION=1 to disable this validation.\n"}
,{"stream_name":"stdout","time":11.535437761,"data":"BIOHUB_PRESET: harmonic_v3_division_wide\n"}
,{"stream_name":"stdout","time":11.53550441,"data":"BIOHUB_SCORE_AXIS: public 0.939 base + holdout-selected post-process configuration\n"}
,{"stream_name":"stdout","time":11.565298214,"data":"Configuration guard: PASS\n"}
,{"stream_name":"stdout","time":11.565335686,"data":"Baseline: fixed-90 dual-seed clean pipeline (public LB 0.913)\n"}
,{"stream_name":"stdout","time":11.565341306,"data":"Single model-level change: harmonic mutual-support association fusion\n"}
,{"stream_name":"stdout","time":11.565345796,"data":"Reverse-time association weight: 0.200\n"}
,{"stream_name":"stdout","time":12.717553684,"data":"Biohub learned UNet + node-transformer + ILP submission\n"}
,{"stream_name":"stdout","time":12.71759681,"data":"COMP_DIR: /kaggle/input/competitions/biohub-cell-tracking-during-development exists: True\n"}
,{"stream_name":"stdout","time":12.717603278,"data":"TEST_DIR: /kaggle/input/competitions/biohub-cell-tracking-during-development/test exists: True\n"}
,{"stream_name":"stdout","time":12.71760883,"data":"{\n"}
,{"stream_name":"stdout","time":12.717612923,"data":"  \"adaptive_short_track_rescue\": true,\n"}
,{"stream_name":"stdout","time":12.717617201,"data":"  \"allow_artifact_fallback\": false,\n"}
,{"stream_name":"stdout","time":12.717621343,"data":"  \"allow_pip_install\": false,\n"}
,{"stream_name":"stdout","time":12.717625498,"data":"  \"deepcenter_checkpoint_default\": \"/kaggle/input/biohub-deepcenter-unet3d-center-prior-v1/weights/full_frame_center/best.pt\",\n"}
,{"stream_name":"stdout","time":12.717630173,"data":"  \"deepcenter_expected_epoch\": 2,\n"}
,{"stream_name":"stdout","time":12.717634203,"data":"  \"deepcenter_gap_add_gate\": true,\n"}
,{"stream_name":"stdout","time":12.717638359,"data":"  \"deepcenter_gap_confirm_min_span_um\": 8.5,\n"}
,{"stream_name":"stdout","time":12.717642972,"data":"  \"deepcenter_gap_threshold\": 0.25,\n"}
,{"stream_name":"stdout","time":12.717647285,"data":"  \"deepcenter_safe_div_add_gate\": true,\n"}
,{"stream_name":"stdout","time":12.717651501,"data":"  \"deepcenter_safe_div_threshold\": 0.25,\n"}
,{"stream_name":"stdout","time":12.717655792,"data":"  \"det_threshold\": 0.965,\n"}
,{"stream_name":"stdout","time":12.717659587,"data":"  \"div_drop_to_single_if_bad\": true,\n"}
,{"stream_name":"stdout","time":12.71767292,"data":"  \"div_parent_max_um\": 10.5,\n"}
,{"stream_name":"stdout","time":12.717677689,"data":"  \"div_sister_max_um\": 8.0,\n"}
,{"stream_name":"stdout","time":12.717682065,"data":"  \"experiment_tag\": \"selected_101_dual_seed_near_balanced_center_confirmed_synthetic_gap\",\n"}
,{"stream_name":"stdout","time":12.717706309,"data":"  \"gap2_frame_frac_cap\": 0.006,\n"}
,{"stream_name":"stdout","time":12.717711032,"data":"  \"gap2_max_links_abs\": 180,\n"}
,{"stream_name":"stdout","time":12.717715433,"data":"  \"gap2_max_links_frac\": 0.0045,\n"}
,{"stream_name":"stdout","time":12.717719766,"data":"  \"gap2_max_step_um\": 4.4,\n"}
,{"stream_name":"stdout","time":12.717723892,"data":"  \"gap2_max_total_um\": 10.2,\n"}
,{"stream_name":"stdout","time":12.7177277,"data":"  \"gap2_require_context\": true,\n"}
,{"stream_name":"stdout","time":12.717731686,"data":"  \"gap_close_effective_max_gap\": 1,\n"}
,{"stream_name":"stdout","time":12.717735949,"data":"  \"gap_close_max_added_abs\": 2000,\n"}
,{"stream_name":"stdout","time":12.717739955,"data":"  \"gap_close_max_added_frac\": 0.05,\n"}
,{"stream_name":"stdout","time":12.717743972,"data":"  \"gap_close_max_gap\": 2,\n"}
,{"stream_name":"stdout","time":12.717748324,"data":"  \"gap_close_reuse_existing\": true,\n"}
,{"stream_name":"stdout","time":12.717752652,"data":"  \"gap_close_reuse_um\": 3.2,\n"}
,{"stream_name":"stdout","time":12.717756604,"data":"  \"gap_close_um\": 5.0,\n"}
,{"stream_name":"stdout","time":12.71776042,"data":"  \"gap_density_adaptive\": true,\n"}
,{"stream_name":"stdout","time":12.717764421,"data":"  \"gap_density_gain\": 0.04,\n"}
,{"stream_name":"stdout","time":12.717768228,"data":"  \"gap_density_max_step_delta_um\": 0.125,\n"}
,{"stream_name":"stdout","time":12.71777262,"data":"  \"gap_density_neighbors\": 3,\n"}
,{"stream_name":"stdout","time":12.717777535,"data":"  \"gap_density_reference_um\": 6.5,\n"}
,{"stream_name":"stdout","time":12.717782268,"data":"  \"gap_refine_max_shift_um\": 3.2,\n"}
,{"stream_name":"stdout","time":12.717786871,"data":"  \"gap_refine_synthetic\": true,\n"}
,{"stream_name":"stdout","time":12.717790867,"data":"  \"gap_refine_win_yx\": 3,\n"}
,{"stream_name":"stdout","time":12.717794884,"data":"  \"gap_refine_win_z\": 1,\n"}
,{"stream_name":"stdout","time":12.717798699,"data":"  \"ilp_appearance_weight\": 0.0,\n"}
,{"stream_name":"stdout","time":12.717802604,"data":"  \"ilp_disappearance_weight\": 2.0,\n"}
,{"stream_name":"stdout","time":12.717806641,"data":"  \"ilp_division_weight\": 1.2,\n"}
,{"stream_name":"stdout","time":12.717811026,"data":"  \"ilp_edge_weight\": -1.0,\n"}
,{"stream_name":"stdout","time":12.71781526,"data":"  \"method\": \"unet_transformer\",\n"}
,{"stream_name":"stdout","time":12.717819595,"data":"  \"motion_relink_learned_bonus\": 1.0,\n"}
,{"stream_name":"stdout","time":12.717823721,"data":"  \"motion_relink_max_frame_nodes\": 2600,\n"}
,{"stream_name":"stdout","time":12.71782739,"data":"  \"motion_relink_relaxed_um\": 10.0,\n"}
,{"stream_name":"stdout","time":12.717831928,"data":"  \"motion_relink_tight_um\": 5.5,\n"}
,{"stream_name":"stdout","time":12.717836646,"data":"  \"motion_relink_velocity_weight\": 0.25,\n"}
,{"stream_name":"stdout","time":12.717841563,"data":"  \"output_division_geometry_filter\": false,\n"}
,{"stream_name":"stdout","time":12.717846072,"data":"  \"output_edge_max_um\": 14.0,\n"}
,{"stream_name":"stdout","time":12.717851994,"data":"  \"output_enforce_next_frame\": true,\n"}
,{"stream_name":"stdout","time":12.71785652,"data":"  \"output_filter_short_tracks\": true,\n"}
,{"stream_name":"stdout","time":12.717860624,"data":"  \"output_gap2_recovery\": true,\n"}
,{"stream_name":"stdout","time":12.71786472,"data":"  \"output_gap_close\": true,\n"}
,{"stream_name":"stdout","time":12.717868816,"data":"  \"output_keep_division_components\": true,\n"}
,{"stream_name":"stdout","time":12.717880002,"data":"  \"output_linefit_smooth\": true,\n"}
,{"stream_name":"stdout","time":12.717884528999999,"data":"  \"output_linefit_weight\": 0.8,\n"}
,{"stream_name":"stdout","time":12.717888517,"data":"  \"output_linefit_window\": 2,\n"}
,{"stream_name":"stdout","time":12.717892715,"data":"  \"output_min_track_len\": 6,\n"}
,{"stream_name":"stdout","time":12.717917622,"data":"  \"output_motion_relink\": true,\n"}
,{"stream_name":"stdout","time":12.717937627,"data":"  \"output_prune_isolated\": true,\n"}
,{"stream_name":"stdout","time":12.717943258,"data":"  \"output_safe_divisions\": true,\n"}
,{"stream_name":"stdout","time":12.717947289,"data":"  \"output_single_child_repair\": false,\n"}
,{"stream_name":"stdout","time":12.717951201,"data":"  \"output_single_parent_repair\": true,\n"}
,{"stream_name":"stdout","time":12.717955412,"data":"  \"primary_artifact_manifest\": \"/kaggle/input/datasets/pilkwang/biohub-tracking-support-pack-50ep-v1/ARTIFACT_MANIFEST.json\",\n"}
,{"stream_name":"stdout","time":12.717961478,"data":"  \"safe_div_existing_child_max_um\": 10.0,\n"}
,{"stream_name":"stdout","time":12.717965403000001,"data":"  \"safe_div_frame_frac_cap\": 0.0076,\n"}
,{"stream_name":"stdout","time":12.717975039,"data":"  \"safe_div_global_frac_cap\": 0.00375,\n"}
,{"stream_name":"stdout","time":12.717978161,"data":"  \"safe_div_max_um\": 9.0,\n"}
,{"stream_name":"stdout","time":12.71798087,"data":"  \"safe_div_sister_max_um\": 14.0,\n"}
,{"stream_name":"stdout","time":12.717983608,"data":"  \"short_track_rescue_max_mean_edge_dist_um\": 3.0,\n"}
,{"stream_name":"stdout","time":12.717986644,"data":"  \"short_track_rescue_max_nodes_abs\": 120,\n"}
,{"stream_name":"stdout","time":12.718015494,"data":"  \"short_track_rescue_max_nodes_frac\": 0.012,\n"}
,{"stream_name":"stdout","time":12.718020215,"data":"  \"short_track_rescue_min_len\": 4,\n"}
,{"stream_name":"stdout","time":12.718025066,"data":"  \"short_track_rescue_min_mean_edge_prob\": 0.88,\n"}
,{"stream_name":"stdout","time":12.718029893,"data":"  \"short_track_rescue_trigger_removed_frac\": 0.1,\n"}
,{"stream_name":"stdout","time":12.718034801,"data":"  \"slice\": \"\",\n"}
,{"stream_name":"stdout","time":12.718039583,"data":"  \"target_artifact_slug\": \"biohub-tracking-support-pack-50ep-v1\",\n"}
,{"stream_name":"stdout","time":12.718044854,"data":"  \"unet_batch_size\": 4,\n"}
,{"stream_name":"stdout","time":12.718049,"data":"  \"use_deepcenter_add_only_gate\": true,\n"}
,{"stream_name":"stdout","time":12.7180532,"data":"  \"use_ilp\": true,\n"}
,{"stream_name":"stdout","time":12.718057328,"data":"  \"weights\": \"weights/unet_transformer/split_0/edge_predictor_best.pth\"\n"}
,{"stream_name":"stdout","time":12.718062543,"data":"}\n"}
,{"stream_name":"stdout","time":12.968851074,"data":"ARTIFACTS: /kaggle/input/datasets/pilkwang/biohub-tracking-support-pack-50ep-v1\n"}
,{"stream_name":"stdout","time":12.968920078,"data":"Has offline wheels: True\n"}
,{"stream_name":"stdout","time":12.968931403,"data":"Artifact name: biohub-tracking-support-pack-400ep-snapshot-v1\n"}
,{"stream_name":"stdout","time":12.968938131,"data":"Weight sha256: 12f6881ee3620a831697ca098ff8f48e687a24225f4e048b538deec3562fe771\n"}
,{"stream_name":"stdout","time":12.968944607,"data":"Weight path: weights/unet_transformer/split_0/edge_predictor_best.pth\n"}
,{"stream_name":"stdout","time":13.916403978,"data":"Installing missing packages from offline package dirs: ['polars']\n"}
,{"stream_name":"stdout","time":13.916441127,"data":"Dependency resolver is disabled with --no-deps to avoid replacing Kaggle numpy/scipy in a live kernel.\n"}
,{"stream_name":"stdout","time":13.916461582,"data":"Offline package dirs: ['/kaggle/input/datasets/pilkwang/biohub-tracking-support-pack-50ep-v1/wheels']\n"}
,{"stream_name":"stdout","time":21.5432281,"data":"Offline dependency install succeeded.\n"}
,{"stream_name":"stdout","time":21.543272042,"data":"Installing missing packages from offline package dirs: ['tracksdata', 'zarr', 'pyscipopt', 'geff', 'geff_spec', 'ilpy', 'imagecodecs', 'rustworkx', 'numcodecs', 'donfig', 'bidict']\n"}
,{"stream_name":"stdout","time":21.543279396,"data":"Dependency resolver is disabled with --no-deps to avoid replacing Kaggle numpy/scipy in a live kernel.\n"}
,{"stream_name":"stdout","time":21.543284739,"data":"Offline package dirs: ['/kaggle/input/datasets/pilkwang/biohub-tracking-support-pack-50ep-v1/wheels']\n"}
,{"stream_name":"stdout","time":54.906218749,"data":"Offline dependency install succeeded.\n"}
,{"stream_name":"stdout","time":64.037118817,"data":"Required graph/Zarr/ILP packages import successfully.\n"}
,{"stream_name":"stdout","time":64.037167601,"data":"Inference repo: /kaggle/working/tracking_repo\n"}
,{"stream_name":"stdout","time":64.03717381,"data":"Weights: /kaggle/working/tracking_repo/weights/unet_transformer/split_0/edge_predictor_best.pth\n"}
,{"stream_name":"stdout","time":65.242017603,"data":"Support repo Python manifest SHA256: 978b626d1fd1e7397435a437dfe68691defe1572fc3c20e61012d7c9b52ed029\n"}
,{"stream_name":"stdout","time":65.242062831,"data":"Primary materialized SHA256: 12f6881ee3620a831697ca098ff8f48e687a24225f4e048b538deec3562fe771\n"}
,{"stream_name":"stdout","time":65.24206811,"data":"DeepCenter materialized SHA256: 8040999a92f6b7bbd98fa8cf458141e045c0f9ad7c936bdb3b18e1f7edafe2a0\n"}
,{"stream_name":"stdout","time":65.64762368,"data":"Secondary artifact: /kaggle/input/datasets/pilkwang/biohub-temporal-unet3d-seed314159-v1\n"}
,{"stream_name":"stdout","time":65.647669024,"data":"Secondary weight: /kaggle/working/secondary_seed_weights/unet_transformer/split_0/edge_predictor_best.pth\n"}
,{"stream_name":"stdout","time":65.647676516,"data":"Secondary SHA256: 9bac2fa0dadc4a6fc1899e0caf187f4b553e0a7cd90ba1261a68b35ffe9e305f\n"}
,{"stream_name":"stdout","time":65.647699843,"data":"Secondary edge-logit weight: 0.15\n"}
,{"stream_name":"stdout","time":65.647707053,"data":"Runtime integrity receipt: /kaggle/working/bidirectional_production_runtime_integrity.json\n"}
,{"stream_name":"stderr","time":71.50351748,"data":"Traceback (most recent call last):\n"}
,{"stream_name":"stderr","time":71.503556436,"data":"  File \"\u003cstring\u003e\", line 1, in \u003cmodule\u003e\n"}
,{"stream_name":"stderr","time":71.503566063,"data":"  File \"/usr/local/lib/python3.12/dist-packages/papermill/execute.py\", line 131, in execute_notebook\n"}
,{"stream_name":"stderr","time":71.503747979,"data":"    raise_for_execution_errors(nb, output_path)\n"}
,{"stream_name":"stderr","time":71.503770516,"data":"  File \"/usr/local/lib/python3.12/dist-packages/papermill/execute.py\", line 251, in raise_for_execution_errors\n"}
,{"stream_name":"stderr","time":71.5041121,"data":"    raise error\n"}
,{"stream_name":"stderr","time":71.504165883,"data":"papermill.exceptions.PapermillExecutionError: \n"}
,{"stream_name":"stderr","time":71.504177613,"data":"---------------------------------------------------------------------------\n"}
,{"stream_name":"stderr","time":71.504187934,"data":"Exception encountered at \"In [5]\":\n"}
,{"stream_name":"stderr","time":71.504197434,"data":"---------------------------------------------------------------------------\n"}
,{"stream_name":"stderr","time":71.504206334,"data":"RuntimeError                              Traceback (most recent call last)\n"}
,{"stream_name":"stderr","time":71.504236752,"data":"/tmp/ipykernel_16/3953220789.py in \u003ccell line: 0\u003e()\n"}
,{"stream_name":"stderr","time":71.504243506,"data":"      2 \n"}
,{"stream_name":"stderr","time":71.504249203,"data":"      3 if not _torch.cuda.is_available():\n"}
,{"stream_name":"stderr","time":71.504255083,"data":"----\u003e 4     raise RuntimeError(\n"}
,{"stream_name":"stderr","time":71.504261505,"data":"      5         \"CUDA GPU is required for this notebook. Enable a Kaggle GPU accelerator and commit again.\"\n"}
,{"stream_name":"stderr","time":71.504268314,"data":"      6     )\n"}
,{"stream_name":"stderr","time":71.504276739,"data":"\n"}
,{"stream_name":"stderr","time":71.504288659,"data":"RuntimeError: CUDA GPU is required for this notebook. Enable a Kaggle GPU accelerator and commit again.\n"}
,{"stream_name":"stderr","time":71.504293255,"data":"\n"}
,{"stream_name":"stderr","time":74.535062357,"data":"/usr/local/lib/python3.12/dist-packages/mistune.py:435: SyntaxWarning: invalid escape sequence '\\|'\n"}
,{"stream_name":"stderr","time":74.535113531,"data":"  cells[i][c] = re.sub('\\\\\\\\\\|', '|', cell)\n"}
,{"stream_name":"stderr","time":74.744025231,"data":"/usr/local/lib/python3.12/dist-packages/nbconvert/filters/filter_links.py:36: SyntaxWarning: invalid escape sequence '\\_'\n"}
,{"stream_name":"stderr","time":74.744060261,"data":"  text = re.sub(r'_', '\\_', text) # Escape underscores in display text\n"}
,{"stream_name":"stderr","time":75.688152192,"data":"[NbConvertApp] Converting notebook __notebook__.ipynb to notebook\n"}
,{"stream_name":"stderr","time":76.125146198,"data":"[NbConvertApp] Writing 318789 bytes to __notebook__.ipynb\n"}
,{"stream_name":"stderr","time":79.513465372,"data":"[NbConvertApp] Converting notebook __notebook__.ipynb to html\n"}
,{"stream_name":"stderr","time":81.758817531,"data":"[NbConvertApp] Writing 1374787 bytes to __results__.html\n"}
]