[{"stream_name":"stderr","time":5.56054676,"data":"/usr/local/lib/python3.12/dist-packages/nbformat/__init__.py:96: MissingIDFieldWarning: Cell is missing an id field, this will become a hard error in future nbformat versions. You may want to use `normalize()` on your notebooks before validations (available since nbformat 5.1.4). Previous versions of nbformat are fixing this issue transparently, and will stop doing so in the future.\n"}
,{"stream_name":"stderr","time":5.560644015,"data":"  validate(nb)\n"}
,{"stream_name":"stderr","time":6.341352633,"data":"0.00s - Debugger warning: It seems that frozen modules are being used, which may\n"}
,{"stream_name":"stderr","time":6.3413928760000005,"data":"0.00s - make the debugger miss breakpoints. Please pass -Xfrozen_modules=off\n"}
,{"stream_name":"stderr","time":6.341400639,"data":"0.00s - to python to disable frozen modules.\n"}
,{"stream_name":"stderr","time":6.341406565,"data":"0.00s - Note: Debugging will proceed. Set PYDEVD_DISABLE_FILE_VALIDATION=1 to disable this validation.\n"}
,{"stream_name":"stderr","time":6.925533225,"data":"0.00s - Debugger warning: It seems that frozen modules are being used, which may\n"}
,{"stream_name":"stderr","time":6.925605884,"data":"0.00s - make the debugger miss breakpoints. Please pass -Xfrozen_modules=off\n"}
,{"stream_name":"stderr","time":6.925617029,"data":"0.00s - to python to disable frozen modules.\n"}
,{"stream_name":"stderr","time":6.925622983,"data":"0.00s - Note: Debugging will proceed. Set PYDEVD_DISABLE_FILE_VALIDATION=1 to disable this validation.\n"}
,{"stream_name":"stdout","time":7.949330677,"data":"BIOHUB_PRESET: harmonic_v3_division_wide\n"}
,{"stream_name":"stdout","time":7.9493772499999995,"data":"BIOHUB_SCORE_AXIS: public 0.939 base + holdout-selected post-process configuration\n"}
,{"stream_name":"stdout","time":7.965923689,"data":"Configuration guard: PASS\n"}
,{"stream_name":"stdout","time":7.965951903,"data":"Baseline: fixed-90 dual-seed clean pipeline (public LB 0.913)\n"}
,{"stream_name":"stdout","time":7.965959016,"data":"Single model-level change: harmonic mutual-support association fusion\n"}
,{"stream_name":"stdout","time":7.965965245,"data":"Reverse-time association weight: 0.200\n"}
,{"stream_name":"stdout","time":8.661778065,"data":"Biohub learned UNet + node-transformer + ILP submission\n"}
,{"stream_name":"stdout","time":8.661802418,"data":"COMP_DIR: /kaggle/input/competitions/biohub-cell-tracking-during-development exists: True\n"}
,{"stream_name":"stdout","time":8.66180651,"data":"TEST_DIR: /kaggle/input/competitions/biohub-cell-tracking-during-development/test exists: True\n"}
,{"stream_name":"stdout","time":8.66180987,"data":"{\n"}
,{"stream_name":"stdout","time":8.661812941,"data":"  \"adaptive_short_track_rescue\": true,\n"}
,{"stream_name":"stdout","time":8.661816166,"data":"  \"allow_artifact_fallback\": false,\n"}
,{"stream_name":"stdout","time":8.661819338,"data":"  \"allow_pip_install\": false,\n"}
,{"stream_name":"stdout","time":8.661822397,"data":"  \"deepcenter_checkpoint_default\": \"/kaggle/input/biohub-deepcenter-unet3d-center-prior-v1/weights/full_frame_center/best.pt\",\n"}
,{"stream_name":"stdout","time":8.66182577,"data":"  \"deepcenter_expected_epoch\": 2,\n"}
,{"stream_name":"stdout","time":8.661828818,"data":"  \"deepcenter_gap_add_gate\": true,\n"}
,{"stream_name":"stdout","time":8.661831839,"data":"  \"deepcenter_gap_confirm_min_span_um\": 8.5,\n"}
,{"stream_name":"stdout","time":8.66183487,"data":"  \"deepcenter_gap_threshold\": 0.25,\n"}
,{"stream_name":"stdout","time":8.661837907,"data":"  \"deepcenter_safe_div_add_gate\": true,\n"}
,{"stream_name":"stdout","time":8.66184095,"data":"  \"deepcenter_safe_div_threshold\": 0.2,\n"}
,{"stream_name":"stdout","time":8.661854772,"data":"  \"det_threshold\": 0.965,\n"}
,{"stream_name":"stdout","time":8.661857336,"data":"  \"div_drop_to_single_if_bad\": true,\n"}
,{"stream_name":"stdout","time":8.661859633,"data":"  \"div_parent_max_um\": 10.5,\n"}
,{"stream_name":"stdout","time":8.661861895,"data":"  \"div_sister_max_um\": 8.0,\n"}
,{"stream_name":"stdout","time":8.661864226,"data":"  \"experiment_tag\": \"selected_101_dual_seed_near_balanced_center_confirmed_synthetic_gap\",\n"}
,{"stream_name":"stdout","time":8.661866658,"data":"  \"gap2_frame_frac_cap\": 0.006,\n"}
,{"stream_name":"stdout","time":8.661868926,"data":"  \"gap2_max_links_abs\": 180,\n"}
,{"stream_name":"stdout","time":8.661871198,"data":"  \"gap2_max_links_frac\": 0.0045,\n"}
,{"stream_name":"stdout","time":8.661873566,"data":"  \"gap2_max_step_um\": 4.4,\n"}
,{"stream_name":"stdout","time":8.66187581,"data":"  \"gap2_max_total_um\": 10.2,\n"}
,{"stream_name":"stdout","time":8.661878036,"data":"  \"gap2_require_context\": true,\n"}
,{"stream_name":"stdout","time":8.661880293,"data":"  \"gap_close_effective_max_gap\": 1,\n"}
,{"stream_name":"stdout","time":8.661882661,"data":"  \"gap_close_max_added_abs\": 2000,\n"}
,{"stream_name":"stdout","time":8.661884882,"data":"  \"gap_close_max_added_frac\": 0.05,\n"}
,{"stream_name":"stdout","time":8.661887116,"data":"  \"gap_close_max_gap\": 2,\n"}
,{"stream_name":"stdout","time":8.661889356,"data":"  \"gap_close_reuse_existing\": true,\n"}
,{"stream_name":"stdout","time":8.661891595,"data":"  \"gap_close_reuse_um\": 3.2,\n"}
,{"stream_name":"stdout","time":8.661893832,"data":"  \"gap_close_um\": 5.0,\n"}
,{"stream_name":"stdout","time":8.66189613,"data":"  \"gap_density_adaptive\": true,\n"}
,{"stream_name":"stdout","time":8.661898365999999,"data":"  \"gap_density_gain\": 0.04,\n"}
,{"stream_name":"stdout","time":8.661900616,"data":"  \"gap_density_max_step_delta_um\": 0.125,\n"}
,{"stream_name":"stdout","time":8.66190288,"data":"  \"gap_density_neighbors\": 3,\n"}
,{"stream_name":"stdout","time":8.661905136,"data":"  \"gap_density_reference_um\": 6.5,\n"}
,{"stream_name":"stdout","time":8.66190741,"data":"  \"gap_refine_max_shift_um\": 3.2,\n"}
,{"stream_name":"stdout","time":8.661909645,"data":"  \"gap_refine_synthetic\": true,\n"}
,{"stream_name":"stdout","time":8.661911863,"data":"  \"gap_refine_win_yx\": 3,\n"}
,{"stream_name":"stdout","time":8.661914158,"data":"  \"gap_refine_win_z\": 1,\n"}
,{"stream_name":"stdout","time":8.661916377,"data":"  \"ilp_appearance_weight\": 0.0,\n"}
,{"stream_name":"stdout","time":8.661918646,"data":"  \"ilp_disappearance_weight\": 2.0,\n"}
,{"stream_name":"stdout","time":8.661920858,"data":"  \"ilp_division_weight\": 1.2,\n"}
,{"stream_name":"stdout","time":8.661923091,"data":"  \"ilp_edge_weight\": -1.0,\n"}
,{"stream_name":"stdout","time":8.661925345,"data":"  \"method\": \"unet_transformer\",\n"}
,{"stream_name":"stdout","time":8.661927686,"data":"  \"motion_relink_learned_bonus\": 1.0,\n"}
,{"stream_name":"stdout","time":8.661929958,"data":"  \"motion_relink_max_frame_nodes\": 2600,\n"}
,{"stream_name":"stdout","time":8.661932215,"data":"  \"motion_relink_relaxed_um\": 10.0,\n"}
,{"stream_name":"stdout","time":8.661934468,"data":"  \"motion_relink_tight_um\": 6.0,\n"}
,{"stream_name":"stdout","time":8.66193669,"data":"  \"motion_relink_velocity_weight\": 0.5,\n"}
,{"stream_name":"stdout","time":8.661938919,"data":"  \"output_division_geometry_filter\": false,\n"}
,{"stream_name":"stdout","time":8.661941208,"data":"  \"output_edge_max_um\": 14.0,\n"}
,{"stream_name":"stdout","time":8.661947223,"data":"  \"output_enforce_next_frame\": true,\n"}
,{"stream_name":"stdout","time":8.661949539,"data":"  \"output_filter_short_tracks\": true,\n"}
,{"stream_name":"stdout","time":8.661951843,"data":"  \"output_gap2_recovery\": true,\n"}
,{"stream_name":"stdout","time":8.661964034,"data":"  \"output_gap_close\": true,\n"}
,{"stream_name":"stdout","time":8.661966366,"data":"  \"output_keep_division_components\": true,\n"}
,{"stream_name":"stdout","time":8.661968627,"data":"  \"output_linefit_smooth\": true,\n"}
,{"stream_name":"stdout","time":8.661970903,"data":"  \"output_linefit_weight\": 0.8,\n"}
,{"stream_name":"stdout","time":8.661973154,"data":"  \"output_linefit_window\": 2,\n"}
,{"stream_name":"stdout","time":8.661975428,"data":"  \"output_min_track_len\": 6,\n"}
,{"stream_name":"stdout","time":8.661977664,"data":"  \"output_motion_relink\": true,\n"}
,{"stream_name":"stdout","time":8.661979917,"data":"  \"output_prune_isolated\": true,\n"}
,{"stream_name":"stdout","time":8.661982186,"data":"  \"output_safe_divisions\": true,\n"}
,{"stream_name":"stdout","time":8.661984409,"data":"  \"output_single_child_repair\": false,\n"}
,{"stream_name":"stdout","time":8.661986672,"data":"  \"output_single_parent_repair\": true,\n"}
,{"stream_name":"stdout","time":8.661988976,"data":"  \"primary_artifact_manifest\": \"/kaggle/input/datasets/pilkwang/biohub-tracking-support-pack-50ep-v1/ARTIFACT_MANIFEST.json\",\n"}
,{"stream_name":"stdout","time":8.661991424,"data":"  \"safe_div_existing_child_max_um\": 10.0,\n"}
,{"stream_name":"stdout","time":8.661993697,"data":"  \"safe_div_frame_frac_cap\": 0.0076,\n"}
,{"stream_name":"stdout","time":8.66199597,"data":"  \"safe_div_global_frac_cap\": 0.00375,\n"}
,{"stream_name":"stdout","time":8.66199827,"data":"  \"safe_div_max_um\": 9.0,\n"}
,{"stream_name":"stdout","time":8.662000497,"data":"  \"safe_div_sister_max_um\": 14.0,\n"}
,{"stream_name":"stdout","time":8.662003729,"data":"  \"short_track_rescue_max_mean_edge_dist_um\": 3.0,\n"}
,{"stream_name":"stdout","time":8.662007301,"data":"  \"short_track_rescue_max_nodes_abs\": 120,\n"}
,{"stream_name":"stdout","time":8.662010723,"data":"  \"short_track_rescue_max_nodes_frac\": 0.012,\n"}
,{"stream_name":"stdout","time":8.662013227,"data":"  \"short_track_rescue_min_len\": 4,\n"}
,{"stream_name":"stdout","time":8.662015496,"data":"  \"short_track_rescue_min_mean_edge_prob\": 0.88,\n"}
,{"stream_name":"stdout","time":8.662017783,"data":"  \"short_track_rescue_trigger_removed_frac\": 0.1,\n"}
,{"stream_name":"stdout","time":8.662020087,"data":"  \"slice\": \"\",\n"}
,{"stream_name":"stdout","time":8.662022376,"data":"  \"target_artifact_slug\": \"biohub-tracking-support-pack-50ep-v1\",\n"}
,{"stream_name":"stdout","time":8.662024728,"data":"  \"unet_batch_size\": 4,\n"}
,{"stream_name":"stdout","time":8.662026948,"data":"  \"use_deepcenter_add_only_gate\": true,\n"}
,{"stream_name":"stdout","time":8.662029189,"data":"  \"use_ilp\": true,\n"}
,{"stream_name":"stdout","time":8.662031447,"data":"  \"weights\": \"weights/unet_transformer/split_0/edge_predictor_best.pth\"\n"}
,{"stream_name":"stdout","time":8.662033886,"data":"}\n"}
,{"stream_name":"stdout","time":8.861402527,"data":"ARTIFACTS: /kaggle/input/datasets/pilkwang/biohub-tracking-support-pack-50ep-v1\n"}
,{"stream_name":"stdout","time":8.861427525,"data":"Has offline wheels: True\n"}
,{"stream_name":"stdout","time":8.861438577,"data":"Artifact name: biohub-tracking-support-pack-400ep-snapshot-v1\n"}
,{"stream_name":"stdout","time":8.861453628,"data":"Weight sha256: 12f6881ee3620a831697ca098ff8f48e687a24225f4e048b538deec3562fe771\n"}
,{"stream_name":"stdout","time":8.861457907,"data":"Weight path: weights/unet_transformer/split_0/edge_predictor_best.pth\n"}
,{"stream_name":"stdout","time":9.566137222,"data":"Installing missing packages from offline package dirs: ['polars']\n"}
,{"stream_name":"stdout","time":9.566176734,"data":"Dependency resolver is disabled with --no-deps to avoid replacing Kaggle numpy/scipy in a live kernel.\n"}
,{"stream_name":"stdout","time":9.566181271,"data":"Offline package dirs: ['/kaggle/input/datasets/pilkwang/biohub-tracking-support-pack-50ep-v1/wheels']\n"}
,{"stream_name":"stdout","time":15.358879683,"data":"Offline dependency install succeeded.\n"}
,{"stream_name":"stdout","time":15.35891762,"data":"Installing missing packages from offline package dirs: ['tracksdata', 'zarr', 'pyscipopt', 'geff', 'geff_spec', 'ilpy', 'imagecodecs', 'rustworkx', 'numcodecs', 'donfig', 'bidict']\n"}
,{"stream_name":"stdout","time":15.358939071,"data":"Dependency resolver is disabled with --no-deps to avoid replacing Kaggle numpy/scipy in a live kernel.\n"}
,{"stream_name":"stdout","time":15.358944534,"data":"Offline package dirs: ['/kaggle/input/datasets/pilkwang/biohub-tracking-support-pack-50ep-v1/wheels']\n"}
,{"stream_name":"stdout","time":37.118044573,"data":"Offline dependency install succeeded.\n"}
,{"stream_name":"stderr","time":44.240417986,"data":"/usr/local/lib/python3.12/dist-packages/dask/array/image.py:7: FutureWarning: `find_available_plugins` is deprecated since version 0.25 and will be removed in version 0.27. The plugin infrastructure of `skimage.io` is deprecated. Instead, use `imageio` or other I/O packages directly.\n"}
,{"stream_name":"stderr","time":44.240452009,"data":"  from skimage.io import imread as sk_imread\n"}
,{"stream_name":"stderr","time":44.240475049,"data":"/usr/lib/python3.12/importlib/__init__.py:90: FutureWarning: `reset_plugins` is deprecated since version 0.25 and will be removed in version 0.27. The plugin infrastructure of `skimage.io` is deprecated. Instead, use `imageio` or other I/O packages directly.\n"}
,{"stream_name":"stderr","time":44.240482143,"data":"  return _bootstrap._gcd_import(name[level:], package, level)\n"}
,{"stream_name":"stderr","time":44.240487866,"data":"\n"}
,{"stream_name":"stderr","time":44.240493642,"data":"/usr/local/lib/python3.12/dist-packages/dask/array/image.py:7: FutureWarning: `find_available_plugins` is deprecated since version 0.25 and will be removed in version 0.27. The plugin infrastructure of `skimage.io` is deprecated. Instead, use `imageio` or other I/O packages directly.\n"}
,{"stream_name":"stderr","time":44.240499159,"data":"  from skimage.io import imread as sk_imread\n"}
,{"stream_name":"stderr","time":44.240503462,"data":"/usr/lib/python3.12/importlib/__init__.py:90: FutureWarning: `reset_plugins` is deprecated since version 0.25 and will be removed in version 0.27. The plugin infrastructure of `skimage.io` is deprecated. Instead, use `imageio` or other I/O packages directly.\n"}
,{"stream_name":"stderr","time":44.240508534,"data":"  return _bootstrap._gcd_import(name[level:], package, level)\n"}
,{"stream_name":"stdout","time":44.438910718,"data":"Required graph/Zarr/ILP packages import successfully.\n"}
,{"stream_name":"stdout","time":44.438959101,"data":"Inference repo: /kaggle/working/tracking_repo\n"}
,{"stream_name":"stdout","time":44.438966686,"data":"Weights: /kaggle/working/tracking_repo/weights/unet_transformer/split_0/edge_predictor_best.pth\n"}
,{"stream_name":"stdout","time":45.481094455,"data":"Support repo Python manifest SHA256: 978b626d1fd1e7397435a437dfe68691defe1572fc3c20e61012d7c9b52ed029\n"}
,{"stream_name":"stdout","time":45.48114595,"data":"Primary materialized SHA256: 12f6881ee3620a831697ca098ff8f48e687a24225f4e048b538deec3562fe771\n"}
,{"stream_name":"stdout","time":45.48114998,"data":"DeepCenter materialized SHA256: 8040999a92f6b7bbd98fa8cf458141e045c0f9ad7c936bdb3b18e1f7edafe2a0\n"}
,{"stream_name":"stdout","time":300.337238845,"data":"Secondary artifact: /kaggle/input/datasets/pilkwang/biohub-temporal-unet3d-seed314159-v1\n"}
,{"stream_name":"stdout","time":300.337301608,"data":"Secondary weight: /kaggle/working/secondary_seed_weights/unet_transformer/split_0/edge_predictor_best.pth\n"}
,{"stream_name":"stdout","time":300.337308779,"data":"Secondary SHA256: 9bac2fa0dadc4a6fc1899e0caf187f4b553e0a7cd90ba1261a68b35ffe9e305f\n"}
,{"stream_name":"stdout","time":300.337313634,"data":"Secondary edge-logit weight: 0.15\n"}
,{"stream_name":"stdout","time":300.337319679,"data":"Runtime integrity receipt: /kaggle/working/bidirectional_production_runtime_integrity.json\n"}
,{"stream_name":"stdout","time":300.456702367,"data":"TARGET950: selector uses fixed official score; legacy proxy fields are diagnostic only.\n"}
,{"stream_name":"stdout","time":739.279594318,"data":"Looking in links: /kaggle/input/datasets/sjlee101/biohub-hoct-020-wheels\n"}
,{"stream_name":"stdout","time":739.310671108,"data":"Processing /kaggle/input/datasets/sjlee101/biohub-hoct-020-wheels/hoct-0.2.0-py3-none-any.whl\n"}
,{"stream_name":"stdout","time":739.324279112,"data":"Processing /kaggle/input/datasets/sjlee101/biohub-hoct-020-wheels/spatial_graph-0.1.1-cp311-abi3-manylinux2014_x86_64.manylinux_2_17_x86_64.manylinux_2_28_x86_64.whl\n"}
,{"stream_name":"stdout","time":739.376576287,"data":"Requirement already satisfied: pooch==1.9.0 in /usr/local/lib/python3.12/dist-packages (1.9.0)\n"}
,{"stream_name":"stdout","time":739.378598995,"data":"Installing collected packages: spatial-graph, hoct\n"}
,{"stream_name":"stdout","time":739.489474864,"data":"Looking in links: /kaggle/input/datasets/sjlee101/biohub-hoct-020-wheels\n"}
,{"stream_name":"stdout","time":739.489494924,"data":"Processing /kaggle/input/datasets/sjlee101/biohub-hoct-020-wheels/hoct-0.2.0-py3-none-any.whl\n"}
,{"stream_name":"stdout","time":739.489501254,"data":"Processing /kaggle/input/datasets/sjlee101/biohub-hoct-020-wheels/spatial_graph-0.1.1-cp311-abi3-manylinux2014_x86_64.manylinux_2_17_x86_64.manylinux_2_28_x86_64.whl\n"}
,{"stream_name":"stdout","time":739.489506835,"data":"Requirement already satisfied: pooch==1.9.0 in /usr/local/lib/python3.12/dist-packages (1.9.0)\n"}
,{"stream_name":"stdout","time":739.489511904,"data":"Installing collected packages: spatial-graph, hoct\n"}
,{"stream_name":"stdout","time":739.816641859,"data":"Successfully installed hoct-0.2.0 spatial-graph-0.1.1\n"}
,{"stream_name":"stdout","time":740.018906345,"data":"Successfully installed hoct-0.2.0 spatial-graph-0.1.1\n"}
,{"stream_name":"stdout","time":1183.109802705,"data":"S02_FOV 44b6_12dfb391 {'video': '44b6_12dfb391', 'input_hash': '6c9c18810ed03c0299fbaa26028e2b77e497b67e95a50c836dc587eb601281de', 'status': \"KeyError:'node_id'\", 'nodes': 44959, 'edges_before': 43496, 'edges_after': 43496, 'protected': 46, 'protected_hash': 'aae67c2666d14bc096ce2ca752c2d6934327bcba0ab4f089992f3335f86e3549', 'anomalous_parents': 0, 'coordinates_hash': '69abb1e407ad2e808c082d25d74653c63080815cf00c7026b030ff6acc981a1a', 'covered': 0, 'deleted': 0, 'uncovered': 43450, 'added_edges': 0, 'invariants_pass': True, 'evidence_summary': {'video': '44b6_12dfb391', 'input_hash': '6c9c18810ed03c0299fbaa26028e2b77e497b67e95a50c836dc587eb601281de', 'complete': False, 'reason': \"KeyError:'node_id'\", 'seconds_total': 318.4386646380001, 'peak_rss_kib': 6807716, 'peak_cuda_bytes': 1005520896}}\n"}
,{"stream_name":"stdout","time":1472.915136946,"data":"S02_FOV 44b6_267148e4 {'video': '44b6_267148e4', 'input_hash': '69e02e1b695a184b4ea97cbfa66c0cabce1a54793dfaf59170b8b089c828ef4d', 'status': \"KeyError:'node_id'\", 'nodes': 22263, 'edges_before': 21338, 'edges_after': 21338, 'protected': 28, 'protected_hash': '81e97d7ea7ccac20694fad311352a98a8473a3e401db7f9849def83c8348531c', 'anomalous_parents': 0, 'coordinates_hash': '41eadd59b04958888a1e015707090c170139b7708518f640c07e538b1f8a67cf', 'covered': 0, 'deleted': 0, 'uncovered': 21310, 'added_edges': 0, 'invariants_pass': True, 'evidence_summary': {'video': '44b6_267148e4', 'input_hash': '69e02e1b695a184b4ea97cbfa66c0cabce1a54793dfaf59170b8b089c828ef4d', 'complete': False, 'reason': \"KeyError:'node_id'\", 'seconds_total': 147.45414132999986, 'peak_rss_kib': 4738080, 'peak_cuda_bytes': 555167232}}\n"}
,{"stream_name":"stdout","time":1902.585770596,"data":"S02_FOV 44b6_2a2eff9f {'video': '44b6_2a2eff9f', 'input_hash': 'e77284692821f01d43d4b5f99e05e105cf14252aba9eb83ccf8df1f23b569315', 'status': \"KeyError:'node_id'\", 'nodes': 40117, 'edges_before': 38412, 'edges_after': 38412, 'protected': 68, 'protected_hash': '7d6b1bd75e0796324d8c96158df422cf8b7c22f178a4d6b42928233417e8a888', 'anomalous_parents': 0, 'coordinates_hash': 'ece2545d38e29677ee46f34b33e0c6f7971fb1f54e32de9148a4c62a4a64351d', 'covered': 0, 'deleted': 0, 'uncovered': 38344, 'added_edges': 0, 'invariants_pass': True, 'evidence_summary': {'video': '44b6_2a2eff9f', 'input_hash': 'e77284692821f01d43d4b5f99e05e105cf14252aba9eb83ccf8df1f23b569315', 'complete': False, 'reason': \"KeyError:'node_id'\", 'seconds_total': 279.83518889800007, 'peak_rss_kib': 6395716, 'peak_cuda_bytes': 850977792}}\n"}
,{"stream_name":"stdout","time":2110.0993106,"data":"S02_FOV 44b6_341df25f {'video': '44b6_341df25f', 'input_hash': '99358e5a3bd780aa11bd4dbcfff01f128da46ea05344fbaec6ea15e81835783a', 'status': \"KeyError:'node_id'\", 'nodes': 8413, 'edges_before': 8176, 'edges_after': 8176, 'protected': 16, 'protected_hash': 'c313f520079103bd21548b0073df391a9e98ac0737ee3feda032d679c8f272ff', 'anomalous_parents': 0, 'coordinates_hash': 'ba99c9074065d15ad004268de674039a750bba65a4630dd44f0b35275a890ded', 'covered': 0, 'deleted': 0, 'uncovered': 8160, 'added_edges': 0, 'invariants_pass': True, 'evidence_summary': {'video': '44b6_341df25f', 'input_hash': '99358e5a3bd780aa11bd4dbcfff01f128da46ea05344fbaec6ea15e81835783a', 'complete': False, 'reason': \"KeyError:'node_id'\", 'seconds_total': 77.89662808100002, 'peak_rss_kib': 4801152, 'peak_cuda_bytes': 149888000}}\n"}
,{"stream_name":"stdout","time":2323.441642801,"data":"S02_FOV 6bba_062c8d37 {'video': '6bba_062c8d37', 'input_hash': 'c45de079b9c8aac77f425d506aa529294dd3816548e4da2c43530f2938e35250', 'status': \"KeyError:'node_id'\", 'nodes': 5853, 'edges_before': 5621, 'edges_after': 5621, 'protected': 4, 'protected_hash': '1a9acf834883ea330a4c0baaac6d3d41d9ac680eb3a36d4b2bc69cd989913a27', 'anomalous_parents': 0, 'coordinates_hash': 'de268061d63d979a3f726ce24173f50eaaa70f426420cb60195761672988dba4', 'covered': 0, 'deleted': 0, 'uncovered': 5617, 'added_edges': 0, 'invariants_pass': True, 'evidence_summary': {'video': '6bba_062c8d37', 'input_hash': 'c45de079b9c8aac77f425d506aa529294dd3816548e4da2c43530f2938e35250', 'complete': False, 'reason': \"KeyError:'node_id'\", 'seconds_total': 69.6792926940002, 'peak_rss_kib': 4629464, 'peak_cuda_bytes': 75968512}}\n"}
,{"stream_name":"stdout","time":2665.617048249,"data":"S02_FOV 6bba_07e24132 {'video': '6bba_07e24132', 'input_hash': 'ea0e25f6854a99d553d4d1f20ca6c99f1060a61b7d8cc5c3c175ef8e1c9e97dd', 'status': \"KeyError:'node_id'\", 'nodes': 29179, 'edges_before': 28140, 'edges_after': 28140, 'protected': 8, 'protected_hash': 'ffe32c285285afd5defbe1532fa656ca56057a41ed92571805102c6863439851', 'anomalous_parents': 0, 'coordinates_hash': '2e1d12071389272aa0a3c3381433f0cf57c19d72458d042daf26ec6ee1eff3dd', 'covered': 0, 'deleted': 0, 'uncovered': 28132, 'added_edges': 0, 'invariants_pass': True, 'evidence_summary': {'video': '6bba_07e24132', 'input_hash': 'ea0e25f6854a99d553d4d1f20ca6c99f1060a61b7d8cc5c3c175ef8e1c9e97dd', 'complete': False, 'reason': \"KeyError:'node_id'\", 'seconds_total': 183.29647047100025, 'peak_rss_kib': 5548808, 'peak_cuda_bytes': 1234599936}}\n"}
,{"stream_name":"stdout","time":2888.411088124,"data":"S02_FOV 6bba_085bf656 {'video': '6bba_085bf656', 'input_hash': 'b967eddb7009268df5d24c6d1b6896a0d182d0f6adc07fb429d808c1d1df8086', 'status': \"KeyError:'node_id'\", 'nodes': 8300, 'edges_before': 8030, 'edges_after': 8030, 'protected': 8, 'protected_hash': '89cf6d952ab9c862aa5ecba664367ac39990c6597efbb302144dda40ae74736c', 'anomalous_parents': 0, 'coordinates_hash': '3f327d15b2d29427d582f1fb19c14709d2deefba0d152b5756b55b0250ffe3fa', 'covered': 0, 'deleted': 0, 'uncovered': 8022, 'added_edges': 0, 'invariants_pass': True, 'evidence_summary': {'video': '6bba_085bf656', 'input_hash': 'b967eddb7009268df5d24c6d1b6896a0d182d0f6adc07fb429d808c1d1df8086', 'complete': False, 'reason': \"KeyError:'node_id'\", 'seconds_total': 77.43515108499969, 'peak_rss_kib': 4695844, 'peak_cuda_bytes': 126656000}}\n"}
,{"stream_name":"stdout","time":3214.570594903,"data":"S02_FOV 6bba_09961292 {'video': '6bba_09961292', 'input_hash': '5b5e79f455f7f1e24fd6b3b5f02045bd4a90782b6c8b40afa3bba5acdb169371', 'status': \"KeyError:'node_id'\", 'nodes': 29742, 'edges_before': 28909, 'edges_after': 28909, 'protected': 36, 'protected_hash': '4c2c5b58d9ff6767e5581de3c5811beae844d0aa6864776b1ad27dd4a818c0ed', 'anomalous_parents': 0, 'coordinates_hash': 'e3489616ee9908d941d3600e28cc52dbc551b3d023cc0543130eb1e61e26b4d7', 'covered': 0, 'deleted': 0, 'uncovered': 28873, 'added_edges': 0, 'invariants_pass': True, 'evidence_summary': {'video': '6bba_09961292', 'input_hash': '5b5e79f455f7f1e24fd6b3b5f02045bd4a90782b6c8b40afa3bba5acdb169371', 'complete': False, 'reason': \"KeyError:'node_id'\", 'seconds_total': 185.87090510500002, 'peak_rss_kib': 5303796, 'peak_cuda_bytes': 1754893824}}\n"}
,{"stream_name":"stdout","time":3214.571452945,"data":"S02_DIAGNOSTIC_DONE DIAGNOSTIC_NO_EFFECT\n"}
,{"stream_name":"stderr","time":3217.606481048,"data":"/usr/local/lib/python3.12/dist-packages/mistune.py:435: SyntaxWarning: invalid escape sequence '\\|'\n"}
,{"stream_name":"stderr","time":3217.606511396,"data":"  cells[i][c] = re.sub('\\\\\\\\\\|', '|', cell)\n"}
,{"stream_name":"stderr","time":3217.726830156,"data":"/usr/local/lib/python3.12/dist-packages/nbconvert/filters/filter_links.py:36: SyntaxWarning: invalid escape sequence '\\_'\n"}
,{"stream_name":"stderr","time":3217.726863341,"data":"  text = re.sub(r'_', '\\_', text) # Escape underscores in display text\n"}
,{"stream_name":"stderr","time":3218.407988286,"data":"[NbConvertApp] Converting notebook __notebook__.ipynb to notebook\n"}
,{"stream_name":"stderr","time":3218.710777522,"data":"[NbConvertApp] Writing 181651 bytes to __notebook__.ipynb\n"}
,{"stream_name":"stderr","time":3221.183435062,"data":"[NbConvertApp] Converting notebook __notebook__.ipynb to html\n"}
,{"stream_name":"stderr","time":3222.302038711,"data":"[NbConvertApp] Writing 783277 bytes to __results__.html\n"}
]