  [44b6_12dfb391] after edge-filter+motion-relink: 45351 nodes, 43042 edges
  [44b6_12dfb391] after gap-closing (single-frame + gap2): 46007 nodes, 44283 edges
  [44b6_12dfb391] after safe-division repair: 46007 nodes, 44307 edges (geometric_candidates=150, deepcenter_rejected=126, post_veto_candidates=24, added=24, cap_skipped=0, mutual_nn_rejected=59, divergence_rejected=1566)
  [44b6_12dfb391] after division-geometry-filter+prune-isolated: 46005 nodes, 44307 edges
  [44b6_12dfb391] after short-track filtering: 44959 nodes, 43497 edges (components_removed=236)
  [44b6_12dfb391] FINAL: 44959 nodes, 43497 edges
CACHED_REPLAY_MATCH 44b6_12dfb391
  [44b6_267148e4] after edge-filter+motion-relink: 22829 nodes, 21464 edges
  [44b6_267148e4] after gap-closing (single-frame + gap2): 23063 nodes, 21888 edges
  [44b6_267148e4] after safe-division repair: 23063 nodes, 21917 edges (geometric_candidates=210, deepcenter_rejected=174, post_veto_candidates=36, added=29, cap_skipped=0, mutual_nn_rejected=117, divergence_rejected=1048)
  [44b6_267148e4] after division-geometry-filter+prune-isolated: 23009 nodes, 21917 edges
  [44b6_267148e4] after short-track filtering: 22277 nodes, 21364 edges (components_removed=179)
  [44b6_267148e4] FINAL: 22277 nodes, 21364 edges
CACHED_REPLAY_MATCH 44b6_267148e4
  [44b6_2a2eff9f] after edge-filter+motion-relink: 40928 nodes, 38430 edges
  [44b6_2a2eff9f] after gap-closing (single-frame + gap2): 41457 nodes, 39413 edges
  [44b6_2a2eff9f] after safe-division repair: 41457 nodes, 39453 edges (geometric_candidates=293, deepcenter_rejected=252, post_veto_candidates=41, added=40, cap_skipped=0, mutual_nn_rejected=74, divergence_rejected=1659)
  [44b6_2a2eff9f] after division-geometry-filter+prune-isolated: 41453 nodes, 39453 edges
  [44b6_2a2eff9f] after short-track filtering: 40126 nodes, 38425 edges (components_removed=299)
  [44b6_2a2eff9f] FINAL: 40126 nodes, 38425 edges
CACHED_REPLAY_MATCH 44b6_2a2eff9f
  [44b6_341df25f] after edge-filter+motion-relink: 8523 nodes, 8210 edges
  [44b6_341df25f] after gap-closing (single-frame + gap2): 8569 nodes, 8290 edges
  [44b6_341df25f] after safe-division repair: 8569 nodes, 8301 edges (geometric_candidates=36, deepcenter_rejected=23, post_veto_candidates=13, added=11, cap_skipped=0, mutual_nn_rejected=3, divergence_rejected=140)
  [44b6_341df25f] after division-geometry-filter+prune-isolated: 8569 nodes, 8301 edges
  [44b6_341df25f] after short-track filtering: 8413 nodes, 8179 edges (components_removed=34)
  [44b6_341df25f] FINAL: 8413 nodes, 8179 edges
CACHED_REPLAY_MATCH 44b6_341df25f
  [6bba_062c8d37] after edge-filter+motion-relink: 5997 nodes, 5648 edges
  [6bba_062c8d37] after gap-closing (single-frame + gap2): 6048 nodes, 5743 edges
  [6bba_062c8d37] after safe-division repair: 6048 nodes, 5747 edges (geometric_candidates=15, deepcenter_rejected=11, post_veto_candidates=4, added=4, cap_skipped=0, mutual_nn_rejected=3, divergence_rejected=63)
  [6bba_062c8d37] after division-geometry-filter+prune-isolated: 6022 nodes, 5747 edges
  [6bba_062c8d37] after short-track filtering: 5853 nodes, 5623 edges (components_removed=45)
  [6bba_062c8d37] FINAL: 5853 nodes, 5623 edges
CACHED_REPLAY_MATCH 6bba_062c8d37
  [6bba_07e24132] after edge-filter+motion-relink: 29751 nodes, 28212 edges
  [6bba_07e24132] after gap-closing (single-frame + gap2): 30088 nodes, 28828 edges
  [6bba_07e24132] after safe-division repair: 30088 nodes, 28834 edges (geometric_candidates=117, deepcenter_rejected=111, post_veto_candidates=6, added=6, cap_skipped=0, mutual_nn_rejected=68, divergence_rejected=1011)
  [6bba_07e24132] after division-geometry-filter+prune-isolated: 30079 nodes, 28834 edges
  [6bba_07e24132] after short-track filtering: 29179 nodes, 28142 edges (components_removed=208)
  [6bba_07e24132] FINAL: 29179 nodes, 28142 edges
CACHED_REPLAY_MATCH 6bba_07e24132
  [6bba_085bf656] after edge-filter+motion-relink: 8417 nodes, 8092 edges
  [6bba_085bf656] after gap-closing (single-frame + gap2): 8438 nodes, 8131 edges
  [6bba_085bf656] after safe-division repair: 8438 nodes, 8135 edges (geometric_candidates=21, deepcenter_rejected=17, post_veto_candidates=4, added=4, cap_skipped=0, mutual_nn_rejected=4, divergence_rejected=102)
  [6bba_085bf656] after division-geometry-filter+prune-isolated: 8435 nodes, 8135 edges
  [6bba_085bf656] after short-track filtering: 8300 nodes, 8030 edges (components_removed=30)
  [6bba_085bf656] FINAL: 8300 nodes, 8030 edges
CACHED_REPLAY_MATCH 6bba_085bf656
  [6bba_09961292] after edge-filter+motion-relink: 29955 nodes, 28827 edges
  [6bba_09961292] after gap-closing (single-frame + gap2): 30167 nodes, 29212 edges
  [6bba_09961292] after safe-division repair: 30167 nodes, 29237 edges (geometric_candidates=92, deepcenter_rejected=66, post_veto_candidates=26, added=25, cap_skipped=0, mutual_nn_rejected=66, divergence_rejected=972)
  [6bba_09961292] after division-geometry-filter+prune-isolated: 30163 nodes, 29237 edges
  [6bba_09961292] after short-track filtering: 29742 nodes, 28916 edges (components_removed=100)
  [6bba_09961292] FINAL: 29742 nodes, 28916 edges
CACHED_REPLAY_MATCH 6bba_09961292
{'A0': {'SELECTED': 143, 'FRAME_CAP': 11}, 'G1': {'SELECTED': 107, 'LEARNED_FILTER': 44, 'FRAME_CAP': 3}, 'R1': {'SELECTED': 143, 'FRAME_CAP': 11}}
