[{"stream_name":"stderr","time":5.139590419,"data":"/usr/local/lib/python3.12/dist-packages/nbformat/__init__.py:96: MissingIDFieldWarning: Cell is missing an id field, this will become a hard error in future nbformat versions. You may want to use `normalize()` on your notebooks before validations (available since nbformat 5.1.4). Previous versions of nbformat are fixing this issue transparently, and will stop doing so in the future.\n"}
,{"stream_name":"stderr","time":5.139650995,"data":"  validate(nb)\n"}
,{"stream_name":"stderr","time":5.874271116,"data":"0.00s - Debugger warning: It seems that frozen modules are being used, which may\n"}
,{"stream_name":"stderr","time":5.874308289,"data":"0.00s - make the debugger miss breakpoints. Please pass -Xfrozen_modules=off\n"}
,{"stream_name":"stderr","time":5.8743132209999995,"data":"0.00s - to python to disable frozen modules.\n"}
,{"stream_name":"stderr","time":5.874316417,"data":"0.00s - Note: Debugging will proceed. Set PYDEVD_DISABLE_FILE_VALIDATION=1 to disable this validation.\n"}
,{"stream_name":"stderr","time":6.439011085,"data":"0.00s - Debugger warning: It seems that frozen modules are being used, which may\n"}
,{"stream_name":"stderr","time":6.43904102,"data":"0.00s - make the debugger miss breakpoints. Please pass -Xfrozen_modules=off\n"}
,{"stream_name":"stderr","time":6.439047167,"data":"0.00s - to python to disable frozen modules.\n"}
,{"stream_name":"stderr","time":6.439051989,"data":"0.00s - Note: Debugging will proceed. Set PYDEVD_DISABLE_FILE_VALIDATION=1 to disable this validation.\n"}
,{"stream_name":"stdout","time":7.413421445,"data":"BIOHUB_PRESET: harmonic_v3_division_wide\n"}
,{"stream_name":"stdout","time":7.413486849,"data":"BIOHUB_SCORE_AXIS: public 0.939 base + holdout-selected post-process configuration\n"}
,{"stream_name":"stdout","time":7.4322089049999995,"data":"Configuration guard: PASS\n"}
,{"stream_name":"stdout","time":7.432231836,"data":"Baseline: fixed-90 dual-seed clean pipeline (public LB 0.913)\n"}
,{"stream_name":"stdout","time":7.432237311,"data":"Single model-level change: harmonic mutual-support association fusion\n"}
,{"stream_name":"stdout","time":7.432276031,"data":"Reverse-time association weight: 0.200\n"}
,{"stream_name":"stdout","time":8.120972549,"data":"Biohub learned UNet + node-transformer + ILP submission\n"}
,{"stream_name":"stdout","time":8.121002093,"data":"COMP_DIR: /kaggle/input/competitions/biohub-cell-tracking-during-development exists: True\n"}
,{"stream_name":"stdout","time":8.121008146,"data":"TEST_DIR: /kaggle/input/competitions/biohub-cell-tracking-during-development/test exists: True\n"}
,{"stream_name":"stdout","time":8.121013748,"data":"{\n"}
,{"stream_name":"stdout","time":8.121018432,"data":"  \"adaptive_short_track_rescue\": true,\n"}
,{"stream_name":"stdout","time":8.121023632,"data":"  \"allow_artifact_fallback\": false,\n"}
,{"stream_name":"stdout","time":8.121028043,"data":"  \"allow_pip_install\": false,\n"}
,{"stream_name":"stdout","time":8.121032447,"data":"  \"deepcenter_checkpoint_default\": \"/kaggle/input/biohub-deepcenter-unet3d-center-prior-v1/weights/full_frame_center/best.pt\",\n"}
,{"stream_name":"stdout","time":8.12103725,"data":"  \"deepcenter_expected_epoch\": 2,\n"}
,{"stream_name":"stdout","time":8.121041603,"data":"  \"deepcenter_gap_add_gate\": true,\n"}
,{"stream_name":"stdout","time":8.121045951,"data":"  \"deepcenter_gap_confirm_min_span_um\": 8.5,\n"}
,{"stream_name":"stdout","time":8.121050385,"data":"  \"deepcenter_gap_threshold\": 0.25,\n"}
,{"stream_name":"stdout","time":8.121054675,"data":"  \"deepcenter_safe_div_add_gate\": true,\n"}
,{"stream_name":"stdout","time":8.121059007,"data":"  \"deepcenter_safe_div_threshold\": 0.2,\n"}
,{"stream_name":"stdout","time":8.121080813,"data":"  \"det_threshold\": 0.965,\n"}
,{"stream_name":"stdout","time":8.121085455,"data":"  \"div_drop_to_single_if_bad\": true,\n"}
,{"stream_name":"stdout","time":8.121089376,"data":"  \"div_parent_max_um\": 10.5,\n"}
,{"stream_name":"stdout","time":8.121093269,"data":"  \"div_sister_max_um\": 8.0,\n"}
,{"stream_name":"stdout","time":8.121097353,"data":"  \"experiment_tag\": \"selected_101_dual_seed_near_balanced_center_confirmed_synthetic_gap\",\n"}
,{"stream_name":"stdout","time":8.121115313,"data":"  \"gap2_frame_frac_cap\": 0.006,\n"}
,{"stream_name":"stdout","time":8.121119237,"data":"  \"gap2_max_links_abs\": 180,\n"}
,{"stream_name":"stdout","time":8.121122569,"data":"  \"gap2_max_links_frac\": 0.0045,\n"}
,{"stream_name":"stdout","time":8.121125938,"data":"  \"gap2_max_step_um\": 4.4,\n"}
,{"stream_name":"stdout","time":8.121129347,"data":"  \"gap2_max_total_um\": 10.2,\n"}
,{"stream_name":"stdout","time":8.121132629,"data":"  \"gap2_require_context\": true,\n"}
,{"stream_name":"stdout","time":8.121136038,"data":"  \"gap_close_effective_max_gap\": 1,\n"}
,{"stream_name":"stdout","time":8.121139616,"data":"  \"gap_close_max_added_abs\": 2000,\n"}
,{"stream_name":"stdout","time":8.121143026,"data":"  \"gap_close_max_added_frac\": 0.05,\n"}
,{"stream_name":"stdout","time":8.12114696,"data":"  \"gap_close_max_gap\": 2,\n"}
,{"stream_name":"stdout","time":8.121151192,"data":"  \"gap_close_reuse_existing\": true,\n"}
,{"stream_name":"stdout","time":8.121154156,"data":"  \"gap_close_reuse_um\": 3.2,\n"}
,{"stream_name":"stdout","time":8.12115734,"data":"  \"gap_close_um\": 5.0,\n"}
,{"stream_name":"stdout","time":8.1211607,"data":"  \"gap_density_adaptive\": true,\n"}
,{"stream_name":"stdout","time":8.121164026,"data":"  \"gap_density_gain\": 0.04,\n"}
,{"stream_name":"stdout","time":8.121167444,"data":"  \"gap_density_max_step_delta_um\": 0.125,\n"}
,{"stream_name":"stdout","time":8.121170693,"data":"  \"gap_density_neighbors\": 3,\n"}
,{"stream_name":"stdout","time":8.121173962,"data":"  \"gap_density_reference_um\": 6.5,\n"}
,{"stream_name":"stdout","time":8.121177342,"data":"  \"gap_refine_max_shift_um\": 3.2,\n"}
,{"stream_name":"stdout","time":8.121180465,"data":"  \"gap_refine_synthetic\": true,\n"}
,{"stream_name":"stdout","time":8.121183585,"data":"  \"gap_refine_win_yx\": 3,\n"}
,{"stream_name":"stdout","time":8.121186761,"data":"  \"gap_refine_win_z\": 1,\n"}
,{"stream_name":"stdout","time":8.121190072,"data":"  \"ilp_appearance_weight\": 0.0,\n"}
,{"stream_name":"stdout","time":8.121193883,"data":"  \"ilp_disappearance_weight\": 2.0,\n"}
,{"stream_name":"stdout","time":8.121197238,"data":"  \"ilp_division_weight\": 1.2,\n"}
,{"stream_name":"stdout","time":8.121200346,"data":"  \"ilp_edge_weight\": -1.0,\n"}
,{"stream_name":"stdout","time":8.121203599,"data":"  \"method\": \"unet_transformer\",\n"}
,{"stream_name":"stdout","time":8.121207115,"data":"  \"motion_relink_learned_bonus\": 1.0,\n"}
,{"stream_name":"stdout","time":8.121210344,"data":"  \"motion_relink_max_frame_nodes\": 2600,\n"}
,{"stream_name":"stdout","time":8.121213745,"data":"  \"motion_relink_relaxed_um\": 10.0,\n"}
,{"stream_name":"stdout","time":8.12121709,"data":"  \"motion_relink_tight_um\": 6.0,\n"}
,{"stream_name":"stdout","time":8.12122042,"data":"  \"motion_relink_velocity_weight\": 0.5,\n"}
,{"stream_name":"stdout","time":8.121224493,"data":"  \"output_division_geometry_filter\": false,\n"}
,{"stream_name":"stdout","time":8.121227953,"data":"  \"output_edge_max_um\": 14.0,\n"}
,{"stream_name":"stdout","time":8.121238668,"data":"  \"output_enforce_next_frame\": true,\n"}
,{"stream_name":"stdout","time":8.121242083,"data":"  \"output_filter_short_tracks\": true,\n"}
,{"stream_name":"stdout","time":8.12125746,"data":"  \"output_gap2_recovery\": true,\n"}
,{"stream_name":"stdout","time":8.121265564,"data":"  \"output_gap_close\": true,\n"}
,{"stream_name":"stdout","time":8.121269124,"data":"  \"output_keep_division_components\": true,\n"}
,{"stream_name":"stdout","time":8.121272694,"data":"  \"output_linefit_smooth\": true,\n"}
,{"stream_name":"stdout","time":8.121276166,"data":"  \"output_linefit_weight\": 0.8,\n"}
,{"stream_name":"stdout","time":8.121279499,"data":"  \"output_linefit_window\": 2,\n"}
,{"stream_name":"stdout","time":8.121282531,"data":"  \"output_min_track_len\": 6,\n"}
,{"stream_name":"stdout","time":8.121285849,"data":"  \"output_motion_relink\": true,\n"}
,{"stream_name":"stdout","time":8.121289261,"data":"  \"output_prune_isolated\": true,\n"}
,{"stream_name":"stdout","time":8.121292562,"data":"  \"output_safe_divisions\": true,\n"}
,{"stream_name":"stdout","time":8.121295994,"data":"  \"output_single_child_repair\": false,\n"}
,{"stream_name":"stdout","time":8.121299686,"data":"  \"output_single_parent_repair\": true,\n"}
,{"stream_name":"stdout","time":8.121303331,"data":"  \"primary_artifact_manifest\": \"/kaggle/input/datasets/pilkwang/biohub-tracking-support-pack-50ep-v1/ARTIFACT_MANIFEST.json\",\n"}
,{"stream_name":"stdout","time":8.121307202,"data":"  \"safe_div_existing_child_max_um\": 10.0,\n"}
,{"stream_name":"stdout","time":8.121310692,"data":"  \"safe_div_frame_frac_cap\": 0.0076,\n"}
,{"stream_name":"stdout","time":8.121314403,"data":"  \"safe_div_global_frac_cap\": 0.00375,\n"}
,{"stream_name":"stdout","time":8.121318023,"data":"  \"safe_div_max_um\": 9.0,\n"}
,{"stream_name":"stdout","time":8.121321364,"data":"  \"safe_div_sister_max_um\": 14.0,\n"}
,{"stream_name":"stdout","time":8.121324915,"data":"  \"short_track_rescue_max_mean_edge_dist_um\": 3.0,\n"}
,{"stream_name":"stdout","time":8.121328489,"data":"  \"short_track_rescue_max_nodes_abs\": 120,\n"}
,{"stream_name":"stdout","time":8.121331838,"data":"  \"short_track_rescue_max_nodes_frac\": 0.012,\n"}
,{"stream_name":"stdout","time":8.121335092,"data":"  \"short_track_rescue_min_len\": 4,\n"}
,{"stream_name":"stdout","time":8.121338231,"data":"  \"short_track_rescue_min_mean_edge_prob\": 0.88,\n"}
,{"stream_name":"stdout","time":8.121341667,"data":"  \"short_track_rescue_trigger_removed_frac\": 0.1,\n"}
,{"stream_name":"stdout","time":8.12134515,"data":"  \"slice\": \"\",\n"}
,{"stream_name":"stdout","time":8.121348579,"data":"  \"target_artifact_slug\": \"biohub-tracking-support-pack-50ep-v1\",\n"}
,{"stream_name":"stdout","time":8.121352103,"data":"  \"unet_batch_size\": 4,\n"}
,{"stream_name":"stdout","time":8.121355541,"data":"  \"use_deepcenter_add_only_gate\": true,\n"}
,{"stream_name":"stdout","time":8.121359256,"data":"  \"use_ilp\": true,\n"}
,{"stream_name":"stdout","time":8.121362959,"data":"  \"weights\": \"weights/unet_transformer/split_0/edge_predictor_best.pth\"\n"}
,{"stream_name":"stdout","time":8.121373541,"data":"}\n"}
,{"stream_name":"stdout","time":8.340178884,"data":"ARTIFACTS: /kaggle/input/datasets/pilkwang/biohub-tracking-support-pack-50ep-v1\n"}
,{"stream_name":"stdout","time":8.34020658,"data":"Has offline wheels: True\n"}
,{"stream_name":"stdout","time":8.340209882,"data":"Artifact name: biohub-tracking-support-pack-400ep-snapshot-v1\n"}
,{"stream_name":"stdout","time":8.340223401,"data":"Weight sha256: 12f6881ee3620a831697ca098ff8f48e687a24225f4e048b538deec3562fe771\n"}
,{"stream_name":"stdout","time":8.340225979,"data":"Weight path: weights/unet_transformer/split_0/edge_predictor_best.pth\n"}
,{"stream_name":"stdout","time":8.974970076,"data":"Installing missing packages from offline package dirs: ['polars']\n"}
,{"stream_name":"stdout","time":8.974994892,"data":"Dependency resolver is disabled with --no-deps to avoid replacing Kaggle numpy/scipy in a live kernel.\n"}
,{"stream_name":"stdout","time":8.974998262,"data":"Offline package dirs: ['/kaggle/input/datasets/pilkwang/biohub-tracking-support-pack-50ep-v1/wheels']\n"}
,{"stream_name":"stdout","time":14.717066938,"data":"Offline dependency install succeeded.\n"}
,{"stream_name":"stdout","time":14.717103271,"data":"Installing missing packages from offline package dirs: ['tracksdata', 'zarr', 'pyscipopt', 'geff', 'geff_spec', 'ilpy', 'imagecodecs', 'rustworkx', 'numcodecs', 'donfig', 'bidict']\n"}
,{"stream_name":"stdout","time":14.717108499,"data":"Dependency resolver is disabled with --no-deps to avoid replacing Kaggle numpy/scipy in a live kernel.\n"}
,{"stream_name":"stdout","time":14.717113424,"data":"Offline package dirs: ['/kaggle/input/datasets/pilkwang/biohub-tracking-support-pack-50ep-v1/wheels']\n"}
,{"stream_name":"stdout","time":34.820827751,"data":"Offline dependency install succeeded.\n"}
,{"stream_name":"stderr","time":41.36486305,"data":"/usr/local/lib/python3.12/dist-packages/dask/array/image.py:7: FutureWarning: `find_available_plugins` is deprecated since version 0.25 and will be removed in version 0.27. The plugin infrastructure of `skimage.io` is deprecated. Instead, use `imageio` or other I/O packages directly.\n"}
,{"stream_name":"stderr","time":41.364891652,"data":"  from skimage.io import imread as sk_imread\n"}
,{"stream_name":"stderr","time":41.364897025,"data":"/usr/lib/python3.12/importlib/__init__.py:90: FutureWarning: `reset_plugins` is deprecated since version 0.25 and will be removed in version 0.27. The plugin infrastructure of `skimage.io` is deprecated. Instead, use `imageio` or other I/O packages directly.\n"}
,{"stream_name":"stderr","time":41.364907275,"data":"  return _bootstrap._gcd_import(name[level:], package, level)\n"}
,{"stream_name":"stderr","time":41.364911181,"data":"\n"}
,{"stream_name":"stderr","time":41.364914108,"data":"/usr/local/lib/python3.12/dist-packages/dask/array/image.py:7: FutureWarning: `find_available_plugins` is deprecated since version 0.25 and will be removed in version 0.27. The plugin infrastructure of `skimage.io` is deprecated. Instead, use `imageio` or other I/O packages directly.\n"}
,{"stream_name":"stderr","time":41.364917526,"data":"  from skimage.io import imread as sk_imread\n"}
,{"stream_name":"stderr","time":41.364920542,"data":"/usr/lib/python3.12/importlib/__init__.py:90: FutureWarning: `reset_plugins` is deprecated since version 0.25 and will be removed in version 0.27. The plugin infrastructure of `skimage.io` is deprecated. Instead, use `imageio` or other I/O packages directly.\n"}
,{"stream_name":"stderr","time":41.364923801,"data":"  return _bootstrap._gcd_import(name[level:], package, level)\n"}
,{"stream_name":"stdout","time":41.556808325,"data":"Required graph/Zarr/ILP packages import successfully.\n"}
,{"stream_name":"stdout","time":41.55683859,"data":"Inference repo: /kaggle/working/tracking_repo\n"}
,{"stream_name":"stdout","time":41.556843215,"data":"Weights: /kaggle/working/tracking_repo/weights/unet_transformer/split_0/edge_predictor_best.pth\n"}
,{"stream_name":"stdout","time":42.882911785,"data":"Support repo Python manifest SHA256: 978b626d1fd1e7397435a437dfe68691defe1572fc3c20e61012d7c9b52ed029\n"}
,{"stream_name":"stdout","time":42.882960346,"data":"Primary materialized SHA256: 12f6881ee3620a831697ca098ff8f48e687a24225f4e048b538deec3562fe771\n"}
,{"stream_name":"stdout","time":42.882964078,"data":"DeepCenter materialized SHA256: 8040999a92f6b7bbd98fa8cf458141e045c0f9ad7c936bdb3b18e1f7edafe2a0\n"}
,{"stream_name":"stdout","time":218.697786442,"data":"Secondary artifact: /kaggle/input/datasets/pilkwang/biohub-temporal-unet3d-seed314159-v1\n"}
,{"stream_name":"stdout","time":218.697851753,"data":"Secondary weight: /kaggle/working/secondary_seed_weights/unet_transformer/split_0/edge_predictor_best.pth\n"}
,{"stream_name":"stdout","time":218.697857526,"data":"Secondary SHA256: 9bac2fa0dadc4a6fc1899e0caf187f4b553e0a7cd90ba1261a68b35ffe9e305f\n"}
,{"stream_name":"stdout","time":218.697861418,"data":"Secondary edge-logit weight: 0.15\n"}
,{"stream_name":"stdout","time":218.697864576,"data":"Runtime integrity receipt: /kaggle/working/bidirectional_production_runtime_integrity.json\n"}
,{"stream_name":"stdout","time":428.576193493,"data":"Trying DeepCenter add-only gate checkpoint: /kaggle/input/datasets/pilkwang/biohub-deepcenter-unet3d-center-prior-v1/weights/full_frame_center/best.pt\n"}
,{"stream_name":"stdout","time":428.676876922,"data":"Loaded DeepCenter add-only gate checkpoint: /kaggle/input/datasets/pilkwang/biohub-deepcenter-unet3d-center-prior-v1/weights/full_frame_center/best.pt\n"}
,{"stream_name":"stdout","time":428.676911326,"data":"DeepCenter checkpoint epoch: 2 best_score: -0.04500306242456039\n"}
,{"stream_name":"stdout","time":428.767026075,"data":"TARGET950: selector uses fixed official score; legacy proxy fields are diagnostic only.\n"}
,{"stream_name":"stdout","time":566.305541498,"data":"  [44b6_12dfb391] after edge-filter+motion-relink: 45351 nodes, 43042 edges\n"}
,{"stream_name":"stdout","time":567.962251571,"data":"DEEPCENTER_TTA_ACTIVE views= 8 mean_abs_logit_delta= 0.132016\n"}
,{"stream_name":"stdout","time":585.942033972,"data":"  [44b6_12dfb391] after gap-closing (single-frame + gap2): 46007 nodes, 44283 edges\n"}
,{"stream_name":"stdout","time":604.875030339,"data":"  [44b6_12dfb391] after safe-division repair: 46007 nodes, 44307 edges (geometric_candidates=150, deepcenter_rejected=126, post_veto_candidates=24, added=24, cap_skipped=0, mutual_nn_rejected=59, divergence_rejected=1566)\n"}
,{"stream_name":"stdout","time":604.875067672,"data":"  [44b6_12dfb391] after division-geometry-filter+prune-isolated: 46005 nodes, 44307 edges\n"}
,{"stream_name":"stdout","time":604.875074434,"data":"  [44b6_12dfb391] after short-track filtering: 44959 nodes, 43497 edges (components_removed=236)\n"}
,{"stream_name":"stdout","time":613.045299118,"data":"  [44b6_12dfb391] FINAL: 44959 nodes, 43497 edges\n"}
,{"stream_name":"stdout","time":679.26331082,"data":"  [44b6_12dfb391] after edge-filter+motion-relink: 45351 nodes, 43042 edges\n"}
,{"stream_name":"stdout","time":681.128204423,"data":"  [44b6_12dfb391] after gap-closing (single-frame + gap2): 46007 nodes, 44283 edges\n"}
,{"stream_name":"stdout","time":683.805808699,"data":"  [44b6_12dfb391] after safe-division repair: 46007 nodes, 44307 edges (geometric_candidates=150, deepcenter_rejected=126, post_veto_candidates=24, added=24, cap_skipped=0, mutual_nn_rejected=59, divergence_rejected=1566)\n"}
,{"stream_name":"stdout","time":683.805855253,"data":"  [44b6_12dfb391] after division-geometry-filter+prune-isolated: 46005 nodes, 44307 edges\n"}
,{"stream_name":"stdout","time":683.805861103,"data":"  [44b6_12dfb391] after short-track filtering: 44959 nodes, 43497 edges (components_removed=236)\n"}
,{"stream_name":"stdout","time":692.011387429,"data":"  [44b6_12dfb391] FINAL: 44959 nodes, 43497 edges\n"}
,{"stream_name":"stdout","time":758.07834712,"data":"  [44b6_12dfb391] after edge-filter+motion-relink: 45351 nodes, 43042 edges\n"}
,{"stream_name":"stdout","time":759.752935002,"data":"  [44b6_12dfb391] after gap-closing (single-frame + gap2): 46007 nodes, 44283 edges\n"}
,{"stream_name":"stdout","time":762.481074843,"data":"  [44b6_12dfb391] after safe-division repair: 46007 nodes, 44306 edges (geometric_candidates=150, deepcenter_rejected=127, post_veto_candidates=23, added=23, cap_skipped=0, mutual_nn_rejected=59, divergence_rejected=1566)\n"}
,{"stream_name":"stdout","time":762.481123573,"data":"  [44b6_12dfb391] after division-geometry-filter+prune-isolated: 46005 nodes, 44306 edges\n"}
,{"stream_name":"stdout","time":762.481130318,"data":"  [44b6_12dfb391] after short-track filtering: 44959 nodes, 43496 edges (components_removed=236)\n"}
,{"stream_name":"stdout","time":770.645728433,"data":"  [44b6_12dfb391] FINAL: 44959 nodes, 43496 edges\n"}
,{"stream_name":"stdout","time":837.121384334,"data":"  [44b6_12dfb391] after edge-filter+motion-relink: 45351 nodes, 43042 edges\n"}
,{"stream_name":"stdout","time":839.011594389,"data":"  [44b6_12dfb391] after gap-closing (single-frame + gap2): 46007 nodes, 44283 edges\n"}
,{"stream_name":"stdout","time":841.802589921,"data":"  [44b6_12dfb391] after safe-division repair: 46007 nodes, 44307 edges (geometric_candidates=150, deepcenter_rejected=126, post_veto_candidates=24, added=24, cap_skipped=0, mutual_nn_rejected=59, divergence_rejected=1566)\n"}
,{"stream_name":"stdout","time":841.802639552,"data":"  [44b6_12dfb391] after division-geometry-filter+prune-isolated: 46005 nodes, 44307 edges\n"}
,{"stream_name":"stdout","time":841.802645875,"data":"  [44b6_12dfb391] after short-track filtering: 44959 nodes, 43497 edges (components_removed=236)\n"}
,{"stream_name":"stdout","time":850.041884667,"data":"  [44b6_12dfb391] FINAL: 44959 nodes, 43497 edges\n"}
,{"stream_name":"stdout","time":855.554826806,"data":"SPRINT_SAMPLE_COMPLETE 44b6_12dfb391\n"}
,{"stream_name":"stdout","time":874.416470991,"data":"  [44b6_267148e4] after edge-filter+motion-relink: 22829 nodes, 21464 edges\n"}
,{"stream_name":"stdout","time":890.316683598,"data":"  [44b6_267148e4] after gap-closing (single-frame + gap2): 23063 nodes, 21888 edges\n"}
,{"stream_name":"stdout","time":909.526993129,"data":"  [44b6_267148e4] after safe-division repair: 23063 nodes, 21917 edges (geometric_candidates=210, deepcenter_rejected=174, post_veto_candidates=36, added=29, cap_skipped=0, mutual_nn_rejected=117, divergence_rejected=1048)\n"}
,{"stream_name":"stdout","time":909.527044836,"data":"  [44b6_267148e4] after division-geometry-filter+prune-isolated: 23009 nodes, 21917 edges\n"}
,{"stream_name":"stdout","time":909.527053322,"data":"  [44b6_267148e4] after short-track filtering: 22277 nodes, 21364 edges (components_removed=179)\n"}
,{"stream_name":"stdout","time":913.723374544,"data":"  [44b6_267148e4] FINAL: 22277 nodes, 21364 edges\n"}
,{"stream_name":"stdout","time":933.079081645,"data":"  [44b6_267148e4] after edge-filter+motion-relink: 22829 nodes, 21464 edges\n"}
,{"stream_name":"stdout","time":933.980955723,"data":"  [44b6_267148e4] after gap-closing (single-frame + gap2): 23063 nodes, 21888 edges\n"}
,{"stream_name":"stdout","time":935.417174592,"data":"  [44b6_267148e4] after safe-division repair: 23063 nodes, 21917 edges (geometric_candidates=210, deepcenter_rejected=174, post_veto_candidates=36, added=29, cap_skipped=0, mutual_nn_rejected=117, divergence_rejected=1048)\n"}
,{"stream_name":"stdout","time":935.417213451,"data":"  [44b6_267148e4] after division-geometry-filter+prune-isolated: 23009 nodes, 21917 edges\n"}
,{"stream_name":"stdout","time":935.417217984,"data":"  [44b6_267148e4] after short-track filtering: 22277 nodes, 21364 edges (components_removed=179)\n"}
,{"stream_name":"stdout","time":939.366094805,"data":"  [44b6_267148e4] FINAL: 22277 nodes, 21364 edges\n"}
,{"stream_name":"stdout","time":958.633170892,"data":"  [44b6_267148e4] after edge-filter+motion-relink: 22829 nodes, 21464 edges\n"}
,{"stream_name":"stdout","time":959.478694974,"data":"  [44b6_267148e4] after gap-closing (single-frame + gap2): 23063 nodes, 21888 edges\n"}
,{"stream_name":"stdout","time":960.908803737,"data":"  [44b6_267148e4] after safe-division repair: 23063 nodes, 21902 edges (geometric_candidates=210, deepcenter_rejected=194, post_veto_candidates=16, added=14, cap_skipped=0, mutual_nn_rejected=117, divergence_rejected=1048)\n"}
,{"stream_name":"stdout","time":960.908855622,"data":"  [44b6_267148e4] after division-geometry-filter+prune-isolated: 23009 nodes, 21902 edges\n"}
,{"stream_name":"stdout","time":960.908861251,"data":"  [44b6_267148e4] after short-track filtering: 22263 nodes, 21338 edges (components_removed=182)\n"}
,{"stream_name":"stdout","time":965.096542384,"data":"  [44b6_267148e4] FINAL: 22263 nodes, 21338 edges\n"}
,{"stream_name":"stdout","time":984.528450309,"data":"  [44b6_267148e4] after edge-filter+motion-relink: 22829 nodes, 21464 edges\n"}
,{"stream_name":"stdout","time":985.393664823,"data":"  [44b6_267148e4] after gap-closing (single-frame + gap2): 23063 nodes, 21888 edges\n"}
,{"stream_name":"stdout","time":986.835923999,"data":"  [44b6_267148e4] after safe-division repair: 23063 nodes, 21917 edges (geometric_candidates=210, deepcenter_rejected=174, post_veto_candidates=36, added=29, cap_skipped=0, mutual_nn_rejected=117, divergence_rejected=1048)\n"}
,{"stream_name":"stdout","time":986.835975547,"data":"  [44b6_267148e4] after division-geometry-filter+prune-isolated: 23009 nodes, 21917 edges\n"}
,{"stream_name":"stdout","time":986.835983504,"data":"  [44b6_267148e4] after short-track filtering: 22282 nodes, 21368 edges (components_removed=178)\n"}
,{"stream_name":"stdout","time":991.0158621,"data":"  [44b6_267148e4] FINAL: 22282 nodes, 21368 edges\n"}
,{"stream_name":"stdout","time":993.823392974,"data":"SPRINT_SAMPLE_COMPLETE 44b6_267148e4\n"}
,{"stream_name":"stdout","time":1045.488713531,"data":"  [44b6_2a2eff9f] after edge-filter+motion-relink: 40928 nodes, 38430 edges\n"}
,{"stream_name":"stdout","time":1067.557172474,"data":"  [44b6_2a2eff9f] after gap-closing (single-frame + gap2): 41457 nodes, 39413 edges\n"}
,{"stream_name":"stdout","time":1090.43163009,"data":"  [44b6_2a2eff9f] after safe-division repair: 41457 nodes, 39453 edges (geometric_candidates=293, deepcenter_rejected=252, post_veto_candidates=41, added=40, cap_skipped=0, mutual_nn_rejected=74, divergence_rejected=1659)\n"}
,{"stream_name":"stdout","time":1090.431683289,"data":"  [44b6_2a2eff9f] after division-geometry-filter+prune-isolated: 41453 nodes, 39453 edges\n"}
,{"stream_name":"stdout","time":1090.431688137,"data":"  [44b6_2a2eff9f] after short-track filtering: 40126 nodes, 38425 edges (components_removed=299)\n"}
,{"stream_name":"stdout","time":1097.789819672,"data":"  [44b6_2a2eff9f] FINAL: 40126 nodes, 38425 edges\n"}
,{"stream_name":"stdout","time":1152.384735506,"data":"  [44b6_2a2eff9f] after edge-filter+motion-relink: 40928 nodes, 38430 edges\n"}
,{"stream_name":"stdout","time":1153.843225287,"data":"  [44b6_2a2eff9f] after gap-closing (single-frame + gap2): 41457 nodes, 39413 edges\n"}
,{"stream_name":"stdout","time":1156.567695463,"data":"  [44b6_2a2eff9f] after safe-division repair: 41457 nodes, 39453 edges (geometric_candidates=293, deepcenter_rejected=252, post_veto_candidates=41, added=40, cap_skipped=0, mutual_nn_rejected=74, divergence_rejected=1659)\n"}
,{"stream_name":"stdout","time":1156.567744056,"data":"  [44b6_2a2eff9f] after division-geometry-filter+prune-isolated: 41453 nodes, 39453 edges\n"}
,{"stream_name":"stdout","time":1156.567768775,"data":"  [44b6_2a2eff9f] after short-track filtering: 40126 nodes, 38425 edges (components_removed=299)\n"}
,{"stream_name":"stdout","time":1164.042701794,"data":"  [44b6_2a2eff9f] FINAL: 40126 nodes, 38425 edges\n"}
,{"stream_name":"stdout","time":1218.579598425,"data":"  [44b6_2a2eff9f] after edge-filter+motion-relink: 40928 nodes, 38430 edges\n"}
,{"stream_name":"stdout","time":1220.332826938,"data":"  [44b6_2a2eff9f] after gap-closing (single-frame + gap2): 41457 nodes, 39413 edges\n"}
,{"stream_name":"stdout","time":1223.112612982,"data":"  [44b6_2a2eff9f] after safe-division repair: 41457 nodes, 39447 edges (geometric_candidates=293, deepcenter_rejected=259, post_veto_candidates=34, added=34, cap_skipped=0, mutual_nn_rejected=74, divergence_rejected=1659)\n"}
,{"stream_name":"stdout","time":1223.112664292,"data":"  [44b6_2a2eff9f] after division-geometry-filter+prune-isolated: 41453 nodes, 39447 edges\n"}
,{"stream_name":"stdout","time":1223.112672082,"data":"  [44b6_2a2eff9f] after short-track filtering: 40117 nodes, 38412 edges (components_removed=301)\n"}
,{"stream_name":"stdout","time":1230.661895974,"data":"  [44b6_2a2eff9f] FINAL: 40117 nodes, 38412 edges\n"}
,{"stream_name":"stdout","time":1285.154457058,"data":"  [44b6_2a2eff9f] after edge-filter+motion-relink: 40928 nodes, 38430 edges\n"}
,{"stream_name":"stdout","time":1287.073517829,"data":"  [44b6_2a2eff9f] after gap-closing (single-frame + gap2): 41457 nodes, 39413 edges\n"}
,{"stream_name":"stdout","time":1289.848355665,"data":"  [44b6_2a2eff9f] after safe-division repair: 41457 nodes, 39453 edges (geometric_candidates=293, deepcenter_rejected=252, post_veto_candidates=41, added=40, cap_skipped=0, mutual_nn_rejected=74, divergence_rejected=1659)\n"}
,{"stream_name":"stdout","time":1289.848397301,"data":"  [44b6_2a2eff9f] after division-geometry-filter+prune-isolated: 41453 nodes, 39453 edges\n"}
,{"stream_name":"stdout","time":1289.848402217,"data":"  [44b6_2a2eff9f] after short-track filtering: 40126 nodes, 38425 edges (components_removed=299)\n"}
,{"stream_name":"stdout","time":1297.351623733,"data":"  [44b6_2a2eff9f] FINAL: 40126 nodes, 38425 edges\n"}
,{"stream_name":"stdout","time":1302.445981441,"data":"SPRINT_SAMPLE_COMPLETE 44b6_2a2eff9f\n"}
,{"stream_name":"stdout","time":1306.005006083,"data":"  [44b6_341df25f] after edge-filter+motion-relink: 8523 nodes, 8210 edges\n"}
,{"stream_name":"stdout","time":1310.048004837,"data":"  [44b6_341df25f] after gap-closing (single-frame + gap2): 8569 nodes, 8290 edges\n"}
,{"stream_name":"stdout","time":1321.399076156,"data":"  [44b6_341df25f] after safe-division repair: 8569 nodes, 8301 edges (geometric_candidates=36, deepcenter_rejected=23, post_veto_candidates=13, added=11, cap_skipped=0, mutual_nn_rejected=3, divergence_rejected=140)\n"}
,{"stream_name":"stdout","time":1321.399112684,"data":"  [44b6_341df25f] after division-geometry-filter+prune-isolated: 8569 nodes, 8301 edges\n"}
,{"stream_name":"stdout","time":1321.399118738,"data":"  [44b6_341df25f] after short-track filtering: 8413 nodes, 8179 edges (components_removed=34)\n"}
,{"stream_name":"stdout","time":1322.981989502,"data":"  [44b6_341df25f] FINAL: 8413 nodes, 8179 edges\n"}
,{"stream_name":"stdout","time":1326.836016169,"data":"  [44b6_341df25f] after edge-filter+motion-relink: 8523 nodes, 8210 edges\n"}
,{"stream_name":"stdout","time":1327.102045222,"data":"  [44b6_341df25f] after gap-closing (single-frame + gap2): 8569 nodes, 8290 edges\n"}
,{"stream_name":"stdout","time":1327.491538367,"data":"  [44b6_341df25f] after safe-division repair: 8569 nodes, 8301 edges (geometric_candidates=36, deepcenter_rejected=23, post_veto_candidates=13, added=11, cap_skipped=0, mutual_nn_rejected=3, divergence_rejected=140)\n"}
,{"stream_name":"stdout","time":1327.491586398,"data":"  [44b6_341df25f] after division-geometry-filter+prune-isolated: 8569 nodes, 8301 edges\n"}
,{"stream_name":"stdout","time":1327.491620407,"data":"  [44b6_341df25f] after short-track filtering: 8413 nodes, 8179 edges (components_removed=34)\n"}
,{"stream_name":"stdout","time":1329.02881308,"data":"  [44b6_341df25f] FINAL: 8413 nodes, 8179 edges\n"}
,{"stream_name":"stdout","time":1332.651407731,"data":"  [44b6_341df25f] after edge-filter+motion-relink: 8523 nodes, 8210 edges\n"}
,{"stream_name":"stdout","time":1332.9621005,"data":"  [44b6_341df25f] after gap-closing (single-frame + gap2): 8569 nodes, 8290 edges\n"}
,{"stream_name":"stdout","time":1333.569792146,"data":"  [44b6_341df25f] after safe-division repair: 8569 nodes, 8298 edges (geometric_candidates=36, deepcenter_rejected=27, post_veto_candidates=9, added=8, cap_skipped=0, mutual_nn_rejected=3, divergence_rejected=140)\n"}
,{"stream_name":"stdout","time":1333.569836936,"data":"  [44b6_341df25f] after division-geometry-filter+prune-isolated: 8569 nodes, 8298 edges\n"}
,{"stream_name":"stdout","time":1333.569845125,"data":"  [44b6_341df25f] after short-track filtering: 8413 nodes, 8176 edges (components_removed=34)\n"}
,{"stream_name":"stdout","time":1335.096349847,"data":"  [44b6_341df25f] FINAL: 8413 nodes, 8176 edges\n"}
,{"stream_name":"stdout","time":1338.708175389,"data":"  [44b6_341df25f] after edge-filter+motion-relink: 8523 nodes, 8210 edges\n"}
,{"stream_name":"stdout","time":1338.971166963,"data":"  [44b6_341df25f] after gap-closing (single-frame + gap2): 8569 nodes, 8290 edges\n"}
,{"stream_name":"stdout","time":1339.359006538,"data":"  [44b6_341df25f] after safe-division repair: 8569 nodes, 8301 edges (geometric_candidates=36, deepcenter_rejected=23, post_veto_candidates=13, added=11, cap_skipped=0, mutual_nn_rejected=3, divergence_rejected=140)\n"}
,{"stream_name":"stdout","time":1339.359052078,"data":"  [44b6_341df25f] after division-geometry-filter+prune-isolated: 8569 nodes, 8301 edges\n"}
,{"stream_name":"stdout","time":1339.359069365,"data":"  [44b6_341df25f] after short-track filtering: 8413 nodes, 8179 edges (components_removed=34)\n"}
,{"stream_name":"stdout","time":1340.98619898,"data":"  [44b6_341df25f] FINAL: 8413 nodes, 8179 edges\n"}
,{"stream_name":"stdout","time":1342.499437116,"data":"SPRINT_SAMPLE_COMPLETE 44b6_341df25f\n"}
,{"stream_name":"stdout","time":1345.005508841,"data":"  [6bba_062c8d37] after edge-filter+motion-relink: 5997 nodes, 5648 edges\n"}
,{"stream_name":"stdout","time":1347.851513723,"data":"  [6bba_062c8d37] after gap-closing (single-frame + gap2): 6048 nodes, 5743 edges\n"}
,{"stream_name":"stdout","time":1352.457155032,"data":"  [6bba_062c8d37] after safe-division repair: 6048 nodes, 5747 edges (geometric_candidates=15, deepcenter_rejected=11, post_veto_candidates=4, added=4, cap_skipped=0, mutual_nn_rejected=3, divergence_rejected=63)\n"}
,{"stream_name":"stdout","time":1352.457192034,"data":"  [6bba_062c8d37] after division-geometry-filter+prune-isolated: 6022 nodes, 5747 edges\n"}
,{"stream_name":"stdout","time":1352.45719827,"data":"  [6bba_062c8d37] after short-track filtering: 5853 nodes, 5623 edges (components_removed=45)\n"}
,{"stream_name":"stdout","time":1353.524691582,"data":"  [6bba_062c8d37] FINAL: 5853 nodes, 5623 edges\n"}
,{"stream_name":"stdout","time":1355.884611106,"data":"  [6bba_062c8d37] after edge-filter+motion-relink: 5997 nodes, 5648 edges\n"}
,{"stream_name":"stdout","time":1355.884650719,"data":"  [6bba_062c8d37] after gap-closing (single-frame + gap2): 6048 nodes, 5743 edges\n"}
,{"stream_name":"stdout","time":1356.302582764,"data":"  [6bba_062c8d37] after safe-division repair: 6048 nodes, 5747 edges (geometric_candidates=15, deepcenter_rejected=11, post_veto_candidates=4, added=4, cap_skipped=0, mutual_nn_rejected=3, divergence_rejected=63)\n"}
,{"stream_name":"stdout","time":1356.302659489,"data":"  [6bba_062c8d37] after division-geometry-filter+prune-isolated: 6022 nodes, 5747 edges\n"}
,{"stream_name":"stdout","time":1356.3026675,"data":"  [6bba_062c8d37] after short-track filtering: 5853 nodes, 5623 edges (components_removed=45)\n"}
,{"stream_name":"stdout","time":1357.388445743,"data":"  [6bba_062c8d37] FINAL: 5853 nodes, 5623 edges\n"}
,{"stream_name":"stdout","time":1359.960937449,"data":"  [6bba_062c8d37] after edge-filter+motion-relink: 5997 nodes, 5648 edges\n"}
,{"stream_name":"stdout","time":1359.960997843,"data":"  [6bba_062c8d37] after gap-closing (single-frame + gap2): 6048 nodes, 5743 edges\n"}
,{"stream_name":"stdout","time":1360.421518626,"data":"  [6bba_062c8d37] after safe-division repair: 6048 nodes, 5745 edges (geometric_candidates=15, deepcenter_rejected=13, post_veto_candidates=2, added=2, cap_skipped=0, mutual_nn_rejected=3, divergence_rejected=63)\n"}
,{"stream_name":"stdout","time":1360.421559915,"data":"  [6bba_062c8d37] after division-geometry-filter+prune-isolated: 6022 nodes, 5745 edges\n"}
,{"stream_name":"stdout","time":1360.42156514,"data":"  [6bba_062c8d37] after short-track filtering: 5853 nodes, 5621 edges (components_removed=45)\n"}
,{"stream_name":"stdout","time":1361.510206791,"data":"  [6bba_062c8d37] FINAL: 5853 nodes, 5621 edges\n"}
,{"stream_name":"stdout","time":1363.892075399,"data":"  [6bba_062c8d37] after edge-filter+motion-relink: 5997 nodes, 5648 edges\n"}
,{"stream_name":"stdout","time":1363.892123193,"data":"  [6bba_062c8d37] after gap-closing (single-frame + gap2): 6048 nodes, 5743 edges\n"}
,{"stream_name":"stdout","time":1364.339543281,"data":"  [6bba_062c8d37] after safe-division repair: 6048 nodes, 5747 edges (geometric_candidates=15, deepcenter_rejected=11, post_veto_candidates=4, added=4, cap_skipped=0, mutual_nn_rejected=3, divergence_rejected=63)\n"}
,{"stream_name":"stdout","time":1364.339614831,"data":"  [6bba_062c8d37] after division-geometry-filter+prune-isolated: 6022 nodes, 5747 edges\n"}
,{"stream_name":"stdout","time":1364.339627813,"data":"  [6bba_062c8d37] after short-track filtering: 5853 nodes, 5623 edges (components_removed=45)\n"}
,{"stream_name":"stdout","time":1365.39319597,"data":"  [6bba_062c8d37] FINAL: 5853 nodes, 5623 edges\n"}
,{"stream_name":"stdout","time":1366.397753755,"data":"SPRINT_SAMPLE_COMPLETE 6bba_062c8d37\n"}
,{"stream_name":"stdout","time":1395.019639651,"data":"  [6bba_07e24132] after edge-filter+motion-relink: 29751 nodes, 28212 edges\n"}
,{"stream_name":"stdout","time":1411.719345094,"data":"  [6bba_07e24132] after gap-closing (single-frame + gap2): 30088 nodes, 28828 edges\n"}
,{"stream_name":"stdout","time":1428.770829138,"data":"  [6bba_07e24132] after safe-division repair: 30088 nodes, 28834 edges (geometric_candidates=117, deepcenter_rejected=111, post_veto_candidates=6, added=6, cap_skipped=0, mutual_nn_rejected=68, divergence_rejected=1011)\n"}
,{"stream_name":"stdout","time":1428.770894675,"data":"  [6bba_07e24132] after division-geometry-filter+prune-isolated: 30079 nodes, 28834 edges\n"}
,{"stream_name":"stdout","time":1428.770902478,"data":"  [6bba_07e24132] after short-track filtering: 29179 nodes, 28142 edges (components_removed=208)\n"}
,{"stream_name":"stdout","time":1434.387104218,"data":"  [6bba_07e24132] FINAL: 29179 nodes, 28142 edges\n"}
,{"stream_name":"stdout","time":1464.749737552,"data":"  [6bba_07e24132] after edge-filter+motion-relink: 29751 nodes, 28212 edges\n"}
,{"stream_name":"stdout","time":1465.833740112,"data":"  [6bba_07e24132] after gap-closing (single-frame + gap2): 30088 nodes, 28828 edges\n"}
,{"stream_name":"stdout","time":1467.565445441,"data":"  [6bba_07e24132] after safe-division repair: 30088 nodes, 28834 edges (geometric_candidates=117, deepcenter_rejected=111, post_veto_candidates=6, added=6, cap_skipped=0, mutual_nn_rejected=68, divergence_rejected=1011)\n"}
,{"stream_name":"stdout","time":1467.565525017,"data":"  [6bba_07e24132] after division-geometry-filter+prune-isolated: 30079 nodes, 28834 edges\n"}
,{"stream_name":"stdout","time":1467.565530908,"data":"  [6bba_07e24132] after short-track filtering: 29179 nodes, 28142 edges (components_removed=208)\n"}
,{"stream_name":"stdout","time":1473.131289526,"data":"  [6bba_07e24132] FINAL: 29179 nodes, 28142 edges\n"}
,{"stream_name":"stdout","time":1503.585453403,"data":"  [6bba_07e24132] after edge-filter+motion-relink: 29751 nodes, 28212 edges\n"}
,{"stream_name":"stdout","time":1504.862049539,"data":"  [6bba_07e24132] after gap-closing (single-frame + gap2): 30088 nodes, 28828 edges\n"}
,{"stream_name":"stdout","time":1506.418242427,"data":"  [6bba_07e24132] after safe-division repair: 30088 nodes, 28832 edges (geometric_candidates=117, deepcenter_rejected=113, post_veto_candidates=4, added=4, cap_skipped=0, mutual_nn_rejected=68, divergence_rejected=1011)\n"}
,{"stream_name":"stdout","time":1506.418314594,"data":"  [6bba_07e24132] after division-geometry-filter+prune-isolated: 30079 nodes, 28832 edges\n"}
,{"stream_name":"stdout","time":1506.418322258,"data":"  [6bba_07e24132] after short-track filtering: 29179 nodes, 28140 edges (components_removed=208)\n"}
,{"stream_name":"stdout","time":1512.063888115,"data":"  [6bba_07e24132] FINAL: 29179 nodes, 28140 edges\n"}
,{"stream_name":"stdout","time":1542.800897462,"data":"  [6bba_07e24132] after edge-filter+motion-relink: 29751 nodes, 28212 edges\n"}
,{"stream_name":"stdout","time":1543.852798438,"data":"  [6bba_07e24132] after gap-closing (single-frame + gap2): 30088 nodes, 28828 edges\n"}
,{"stream_name":"stdout","time":1545.398646948,"data":"  [6bba_07e24132] after safe-division repair: 30088 nodes, 28834 edges (geometric_candidates=117, deepcenter_rejected=111, post_veto_candidates=6, added=6, cap_skipped=0, mutual_nn_rejected=68, divergence_rejected=1011)\n"}
,{"stream_name":"stdout","time":1545.398802376,"data":"  [6bba_07e24132] after division-geometry-filter+prune-isolated: 30079 nodes, 28834 edges\n"}
,{"stream_name":"stdout","time":1545.398812248,"data":"  [6bba_07e24132] after short-track filtering: 29179 nodes, 28142 edges (components_removed=208)\n"}
,{"stream_name":"stdout","time":1550.964157427,"data":"  [6bba_07e24132] FINAL: 29179 nodes, 28142 edges\n"}
,{"stream_name":"stdout","time":1554.946794303,"data":"SPRINT_SAMPLE_COMPLETE 6bba_07e24132\n"}
,{"stream_name":"stdout","time":1558.672377169,"data":"  [6bba_085bf656] after edge-filter+motion-relink: 8417 nodes, 8092 edges\n"}
,{"stream_name":"stdout","time":1560.893477632,"data":"  [6bba_085bf656] after gap-closing (single-frame + gap2): 8438 nodes, 8131 edges\n"}
,{"stream_name":"stdout","time":1567.911077327,"data":"  [6bba_085bf656] after safe-division repair: 8438 nodes, 8135 edges (geometric_candidates=21, deepcenter_rejected=17, post_veto_candidates=4, added=4, cap_skipped=0, mutual_nn_rejected=4, divergence_rejected=102)\n"}
,{"stream_name":"stdout","time":1567.911120701,"data":"  [6bba_085bf656] after division-geometry-filter+prune-isolated: 8435 nodes, 8135 edges\n"}
,{"stream_name":"stdout","time":1567.91114386,"data":"  [6bba_085bf656] after short-track filtering: 8300 nodes, 8030 edges (components_removed=30)\n"}
,{"stream_name":"stdout","time":1569.41510147,"data":"  [6bba_085bf656] FINAL: 8300 nodes, 8030 edges\n"}
,{"stream_name":"stdout","time":1573.206591358,"data":"  [6bba_085bf656] after edge-filter+motion-relink: 8417 nodes, 8092 edges\n"}
,{"stream_name":"stdout","time":1573.464763697,"data":"  [6bba_085bf656] after gap-closing (single-frame + gap2): 8438 nodes, 8131 edges\n"}
,{"stream_name":"stdout","time":1573.830204767,"data":"  [6bba_085bf656] after safe-division repair: 8438 nodes, 8135 edges (geometric_candidates=21, deepcenter_rejected=17, post_veto_candidates=4, added=4, cap_skipped=0, mutual_nn_rejected=4, divergence_rejected=102)\n"}
,{"stream_name":"stdout","time":1573.830272283,"data":"  [6bba_085bf656] after division-geometry-filter+prune-isolated: 8435 nodes, 8135 edges\n"}
,{"stream_name":"stdout","time":1573.830281375,"data":"  [6bba_085bf656] after short-track filtering: 8300 nodes, 8030 edges (components_removed=30)\n"}
,{"stream_name":"stdout","time":1575.333056033,"data":"  [6bba_085bf656] FINAL: 8300 nodes, 8030 edges\n"}
,{"stream_name":"stdout","time":1579.331531983,"data":"  [6bba_085bf656] after edge-filter+motion-relink: 8417 nodes, 8092 edges\n"}
,{"stream_name":"stdout","time":1579.601430893,"data":"  [6bba_085bf656] after gap-closing (single-frame + gap2): 8438 nodes, 8131 edges\n"}
,{"stream_name":"stdout","time":1579.972334376,"data":"  [6bba_085bf656] after safe-division repair: 8438 nodes, 8135 edges (geometric_candidates=21, deepcenter_rejected=17, post_veto_candidates=4, added=4, cap_skipped=0, mutual_nn_rejected=4, divergence_rejected=102)\n"}
,{"stream_name":"stdout","time":1579.972412933,"data":"  [6bba_085bf656] after division-geometry-filter+prune-isolated: 8435 nodes, 8135 edges\n"}
,{"stream_name":"stdout","time":1579.972421453,"data":"  [6bba_085bf656] after short-track filtering: 8300 nodes, 8030 edges (components_removed=30)\n"}
,{"stream_name":"stdout","time":1581.494965471,"data":"  [6bba_085bf656] FINAL: 8300 nodes, 8030 edges\n"}
,{"stream_name":"stdout","time":1585.223445195,"data":"  [6bba_085bf656] after edge-filter+motion-relink: 8417 nodes, 8092 edges\n"}
,{"stream_name":"stdout","time":1585.494334556,"data":"  [6bba_085bf656] after gap-closing (single-frame + gap2): 8438 nodes, 8131 edges\n"}
,{"stream_name":"stdout","time":1586.097729285,"data":"  [6bba_085bf656] after safe-division repair: 8438 nodes, 8135 edges (geometric_candidates=21, deepcenter_rejected=17, post_veto_candidates=4, added=4, cap_skipped=0, mutual_nn_rejected=4, divergence_rejected=102)\n"}
,{"stream_name":"stdout","time":1586.097806579,"data":"  [6bba_085bf656] after division-geometry-filter+prune-isolated: 8435 nodes, 8135 edges\n"}
,{"stream_name":"stdout","time":1586.097816117,"data":"  [6bba_085bf656] after short-track filtering: 8300 nodes, 8030 edges (components_removed=30)\n"}
,{"stream_name":"stdout","time":1587.662189431,"data":"  [6bba_085bf656] FINAL: 8300 nodes, 8030 edges\n"}
,{"stream_name":"stdout","time":1588.953371035,"data":"SPRINT_SAMPLE_COMPLETE 6bba_085bf656\n"}
,{"stream_name":"stdout","time":1617.498662458,"data":"  [6bba_09961292] after edge-filter+motion-relink: 29955 nodes, 28827 edges\n"}
,{"stream_name":"stdout","time":1631.77410654,"data":"  [6bba_09961292] after gap-closing (single-frame + gap2): 30167 nodes, 29212 edges\n"}
,{"stream_name":"stdout","time":1645.947372139,"data":"  [6bba_09961292] after safe-division repair: 30167 nodes, 29237 edges (geometric_candidates=92, deepcenter_rejected=66, post_veto_candidates=26, added=25, cap_skipped=0, mutual_nn_rejected=66, divergence_rejected=972)\n"}
,{"stream_name":"stdout","time":1645.947445546,"data":"  [6bba_09961292] after division-geometry-filter+prune-isolated: 30163 nodes, 29237 edges\n"}
,{"stream_name":"stdout","time":1645.947452533,"data":"  [6bba_09961292] after short-track filtering: 29742 nodes, 28916 edges (components_removed=100)\n"}
,{"stream_name":"stdout","time":1651.384839363,"data":"  [6bba_09961292] FINAL: 29742 nodes, 28916 edges\n"}
,{"stream_name":"stdout","time":1683.528044447,"data":"  [6bba_09961292] after edge-filter+motion-relink: 29955 nodes, 28827 edges\n"}
,{"stream_name":"stdout","time":1684.481564968,"data":"  [6bba_09961292] after gap-closing (single-frame + gap2): 30167 nodes, 29212 edges\n"}
,{"stream_name":"stdout","time":1686.019174994,"data":"  [6bba_09961292] after safe-division repair: 30167 nodes, 29237 edges (geometric_candidates=92, deepcenter_rejected=66, post_veto_candidates=26, added=25, cap_skipped=0, mutual_nn_rejected=66, divergence_rejected=972)\n"}
,{"stream_name":"stdout","time":1686.019214985,"data":"  [6bba_09961292] after division-geometry-filter+prune-isolated: 30163 nodes, 29237 edges\n"}
,{"stream_name":"stdout","time":1686.019219777,"data":"  [6bba_09961292] after short-track filtering: 29742 nodes, 28916 edges (components_removed=100)\n"}
,{"stream_name":"stdout","time":1691.648267142,"data":"  [6bba_09961292] FINAL: 29742 nodes, 28916 edges\n"}
,{"stream_name":"stdout","time":1723.918311273,"data":"  [6bba_09961292] after edge-filter+motion-relink: 29955 nodes, 28827 edges\n"}
,{"stream_name":"stdout","time":1725.169287593,"data":"  [6bba_09961292] after gap-closing (single-frame + gap2): 30167 nodes, 29212 edges\n"}
,{"stream_name":"stdout","time":1726.640625882,"data":"  [6bba_09961292] after safe-division repair: 30167 nodes, 29230 edges (geometric_candidates=92, deepcenter_rejected=74, post_veto_candidates=18, added=18, cap_skipped=0, mutual_nn_rejected=66, divergence_rejected=972)\n"}
,{"stream_name":"stdout","time":1726.640672843,"data":"  [6bba_09961292] after division-geometry-filter+prune-isolated: 30163 nodes, 29230 edges\n"}
,{"stream_name":"stdout","time":1726.640677601,"data":"  [6bba_09961292] after short-track filtering: 29742 nodes, 28909 edges (components_removed=100)\n"}
,{"stream_name":"stdout","time":1732.123941923,"data":"  [6bba_09961292] FINAL: 29742 nodes, 28909 edges\n"}
,{"stream_name":"stdout","time":1764.523768469,"data":"  [6bba_09961292] after edge-filter+motion-relink: 29955 nodes, 28827 edges\n"}
,{"stream_name":"stdout","time":1765.482942267,"data":"  [6bba_09961292] after gap-closing (single-frame + gap2): 30167 nodes, 29212 edges\n"}
,{"stream_name":"stdout","time":1767.150224119,"data":"  [6bba_09961292] after safe-division repair: 30167 nodes, 29237 edges (geometric_candidates=92, deepcenter_rejected=66, post_veto_candidates=26, added=25, cap_skipped=0, mutual_nn_rejected=66, divergence_rejected=972)\n"}
,{"stream_name":"stdout","time":1767.150306715,"data":"  [6bba_09961292] after division-geometry-filter+prune-isolated: 30163 nodes, 29237 edges\n"}
,{"stream_name":"stdout","time":1767.150314858,"data":"  [6bba_09961292] after short-track filtering: 29742 nodes, 28916 edges (components_removed=100)\n"}
,{"stream_name":"stdout","time":1772.726051718,"data":"  [6bba_09961292] FINAL: 29742 nodes, 28916 edges\n"}
,{"stream_name":"stdout","time":1778.005950074,"data":"SPRINT_SAMPLE_COMPLETE 6bba_09961292\n"}
,{"stream_name":"stdout","time":1778.064434936,"data":"SPRINT_DIAGNOSTIC_COMPLETE G1\n"}
,{"stream_name":"stderr","time":1783.785075145,"data":"/usr/local/lib/python3.12/dist-packages/mistune.py:435: SyntaxWarning: invalid escape sequence '\\|'\n"}
,{"stream_name":"stderr","time":1783.785117411,"data":"  cells[i][c] = re.sub('\\\\\\\\\\|', '|', cell)\n"}
,{"stream_name":"stderr","time":1783.910449031,"data":"/usr/local/lib/python3.12/dist-packages/nbconvert/filters/filter_links.py:36: SyntaxWarning: invalid escape sequence '\\_'\n"}
,{"stream_name":"stderr","time":1783.910484002,"data":"  text = re.sub(r'_', '\\_', text) # Escape underscores in display text\n"}
,{"stream_name":"stderr","time":1784.556806026,"data":"[NbConvertApp] Converting notebook __notebook__.ipynb to notebook\n"}
,{"stream_name":"stderr","time":1784.877871466,"data":"[NbConvertApp] Writing 280709 bytes to __notebook__.ipynb\n"}
,{"stream_name":"stderr","time":1787.299846239,"data":"[NbConvertApp] Converting notebook __notebook__.ipynb to html\n"}
,{"stream_name":"stderr","time":1788.756841568,"data":"[NbConvertApp] Writing 1178988 bytes to __results__.html\n"}
]